******************************************************************************
                  TI ARM Linker Unix v18.1.3                   
******************************************************************************
>> Linked Tue Nov 13 11:02:35 2018

OUTPUT FILE NAME:   <rfEasyLinkTx_CC1350STK_tirtos_ccs.out>
ENTRY POINT SYMBOL: "ResetISR"  address: 00007bc5


MEMORY CONFIGURATION

         name            origin    length      used     unused   attr    fill
----------------------  --------  ---------  --------  --------  ----  --------
  FLASH                 00000000   00020000  0000e7d6  0001182a  R  X
  SRAM                  20000000   00005000  000031bc  00001e44  RW X


SEGMENT ALLOCATION MAP

run origin  load origin   length   init length attrs members
----------  ----------- ---------- ----------- ----- -------
00000000    00000000    0000e788   0000e788    r-x
  00000000    00000000    0000003c   0000003c    r-- .resetVecs
  0000003c    0000003c    00000fc4   00000fc4    r-x .text.1
  00001000    00001000    0000003c   0000003c    r-- .const:ti_sysbios_knl_Task_Object__PARAMS__C
  0000103c    0000103c    00000034   00000034    r-- .const:ti_sysbios_knl_Mailbox_Object__PARAMS__C
  00001070    00001070    00000030   00000030    r-- .const:ti_sysbios_family_arm_m3_Hwi_Object__PARAMS__C
  000010a0    000010a0    0000002c   0000002c    r-- .const:ti_sysbios_hal_Hwi_Object__PARAMS__C
  000010cc    000010cc    00000028   00000028    r-- .const:ti_sysbios_heaps_HeapMem_Module__FXNS__C
  000010f4    000010f4    00000028   00000028    r-- .const:ti_sysbios_knl_Swi_Object__PARAMS__C
  0000111c    0000111c    00000024   00000024    r-- .const:ti_sysbios_gates_GateHwi_Module__FXNS__C
  00001140    00001140    00000024   00000024    r-- .const:ti_sysbios_gates_GateMutex_Module__FXNS__C
  00001164    00001164    00000024   00000024    r-- .const:ti_sysbios_heaps_HeapMem_Object__PARAMS__C
  00001188    00001188    00000024   00000024    r-- .const:ti_sysbios_knl_Clock_Object__PARAMS__C
  000011ac    000011ac    00000024   00000024    r-- .const:ti_sysbios_knl_Semaphore_Object__PARAMS__C
  000011d0    000011d0    00000020   00000020    r-- .const:ti_sysbios_family_arm_m3_Hwi_Object__DESC__C
  000011f0    000011f0    00000020   00000020    r-- .const:ti_sysbios_gates_GateHwi_Object__DESC__C
  00001210    00001210    00000020   00000020    r-- .const:ti_sysbios_gates_GateMutex_Object__DESC__C
  00001230    00001230    00000020   00000020    r-- .const:ti_sysbios_hal_Hwi_Object__DESC__C
  00001250    00001250    00000020   00000020    r-- .const:ti_sysbios_heaps_HeapMem_Object__DESC__C
  00001270    00001270    00000020   00000020    r-- .const:ti_sysbios_knl_Clock_Object__DESC__C
  00001290    00001290    00000020   00000020    r-- .const:ti_sysbios_knl_Mailbox_Object__DESC__C
  000012b0    000012b0    00000020   00000020    r-- .const:ti_sysbios_knl_Queue_Object__DESC__C
  000012d0    000012d0    00000020   00000020    r-- .const:ti_sysbios_knl_Semaphore_Object__DESC__C
  000012f0    000012f0    00000020   00000020    r-- .const:ti_sysbios_knl_Swi_Object__DESC__C
  00001310    00001310    00000020   00000020    r-- .const:ti_sysbios_knl_Task_Object__DESC__C
  00001330    00001330    00000018   00000018    r-- .const:ti_sysbios_gates_GateHwi_Object__PARAMS__C
  00001348    00001348    00000018   00000018    r-- .const:ti_sysbios_gates_GateMutex_Object__PARAMS__C
  00001360    00001360    00000018   00000018    r-- .const:ti_sysbios_knl_Queue_Object__PARAMS__C
  00001378    00001378    00000008   00000008    r-- .const:ti_sysbios_knl_Idle_funcList__C
  00001380    00001380    00000004   00000004    r-x .text.2
  00001384    00001384    00000004   00000004    r-- .const:ti_sysbios_family_arm_cc26xx_Timer_startupNeeded__C
  00001388    00001388    00000004   00000004    r-- .const:ti_sysbios_family_arm_m3_Hwi_E_alreadyDefined__C
  0000138c    0000138c    00000004   00000004    r-- .const:ti_sysbios_family_arm_m3_Hwi_E_hwiLimitExceeded__C
  00001390    00001390    00000004   00000004    r-- .const:ti_sysbios_family_arm_m3_Hwi_NUM_INTERRUPTS__C
  00001394    00001394    00000004   00000004    r-- .const:ti_sysbios_family_arm_m3_Hwi_Object__count__C
  00001398    00001398    00000004   00000004    r-- .const:ti_sysbios_family_arm_m3_Hwi_Object__table__C
  0000139c    0000139c    00000004   00000004    r-- .const:ti_sysbios_family_arm_m3_Hwi_ccr__C
  000013a0    000013a0    00000004   00000004    r-- .const:ti_sysbios_family_arm_m3_Hwi_excHandlerFunc__C
  000013a4    000013a4    00000004   00000004    r-- .const:ti_sysbios_family_arm_m3_Hwi_nullIsrFunc__C
  000013a8    000013a8    00000004   00000004    r-- .const:ti_sysbios_family_arm_m3_Hwi_numSparseInterrupts__C
  000013ac    000013ac    00000004   00000004    r-- .const:ti_sysbios_family_arm_m3_Hwi_priGroup__C
  000013b0    000013b0    00000004   00000004    r-- .const:ti_sysbios_family_arm_m3_TaskSupport_stackAlignment__C
  000013b4    000013b4    00000004   00000004    r-- .const:ti_sysbios_heaps_HeapMem_E_memory__C
  000013b8    000013b8    00000004   00000004    r-- .const:ti_sysbios_heaps_HeapMem_Module__gateObj__C
  000013bc    000013bc    00000004   00000004    r-- .const:ti_sysbios_heaps_HeapMem_Object__count__C
  000013c0    000013c0    00000004   00000004    r-- .const:ti_sysbios_heaps_HeapMem_Object__table__C
  000013c4    000013c4    00000004   00000004    r-- .const:ti_sysbios_heaps_HeapMem_reqAlign__C
  000013c8    000013c8    00000004   00000004    r-- .const:ti_sysbios_knl_Clock_serviceMargin__C
  000013cc    000013cc    00000004   00000004    r-- .const:ti_sysbios_knl_Mailbox_Object__count__C
  000013d0    000013d0    00000004   00000004    r-- .const:ti_sysbios_knl_Mailbox_Object__table__C
  000013d4    000013d4    00000004   00000004    r-- .const:ti_sysbios_knl_Mailbox_maxTypeAlign__C
  000013d8    000013d8    00000004   00000004    r-- .const:ti_sysbios_knl_Queue_Object__count__C
  000013dc    000013dc    00000004   00000004    r-- .const:ti_sysbios_knl_Queue_Object__table__C
  000013e0    000013e0    00000004   00000004    r-- .const:ti_sysbios_knl_Swi_Object__count__C
  000013e4    000013e4    00000004   00000004    r-- .const:ti_sysbios_knl_Swi_Object__table__C
  000013e8    000013e8    00000004   00000004    r-- .const:ti_sysbios_knl_Swi_numPriorities__C
  000013ec    000013ec    00000004   00000004    r-- .const:ti_sysbios_knl_Task_Object__count__C
  000013f0    000013f0    00000004   00000004    r-- .const:ti_sysbios_knl_Task_Object__table__C
  000013f4    000013f4    00000004   00000004    r-- .const:ti_sysbios_knl_Task_allBlockedFunc__C
  000013f8    000013f8    00000004   00000004    r-- .const:ti_sysbios_knl_Task_defaultStackHeap__C
  000013fc    000013fc    00000004   00000004    r-- .const:ti_sysbios_knl_Task_defaultStackSize__C
  00001400    00001400    00000004   00000004    r-- .const:ti_sysbios_knl_Task_numConstructedTasks__C
  00001404    00001404    00000002   00000002    r-x .text.3
  00001406    00001406    00000002   00000002    r-- .const:ti_sysbios_family_arm_cc26xx_Timer_Module__id__C
  00001408    00001408    00000002   00000002    r-- .const:ti_sysbios_family_arm_cc26xx_TimestampProvider_useClockTimer__C
  0000140a    0000140a    00000002   00000002    r-- .const:ti_sysbios_family_arm_m3_Hwi_Module__id__C
  0000140c    0000140c    00000002   00000002    r-- .const:ti_sysbios_gates_GateHwi_Module__id__C
  0000140e    0000140e    00000002   00000002    r-- .const:ti_sysbios_gates_GateMutex_Module__id__C
  00001410    00001410    00000002   00000002    r-- .const:ti_sysbios_heaps_HeapMem_Module__id__C
  00001412    00001412    00000002   00000002    r-- .const:ti_sysbios_knl_Task_initStackFlag__C
  00001414    00001414    00000001   00000001    r-- .const:ti_sysbios_knl_Clock_tickMode__C
  00001418    00001418    00000008   00000008    r-- .const:xdc_runtime_Startup_firstFxns__C
  00001420    00001420    00000008   00000008    r-- .const:xdc_runtime_Startup_lastFxns__C
  00001428    00001428    00000004   00000004    r-- .const:xdc_runtime_Assert_E_assertFailed__C
  0000142c    0000142c    00000004   00000004    r-- .const:xdc_runtime_Error_E_memory__C
  00001430    00001430    00000004   00000004    r-- .const:xdc_runtime_Error_policyFxn__C
  00001434    00001434    00000004   00000004    r-- .const:xdc_runtime_IGateProvider_Interface__BASE__C
  00001438    00001438    00000004   00000004    r-- .const:xdc_runtime_IHeap_Interface__BASE__C
  0000143c    0000143c    00000004   00000004    r-- .const:xdc_runtime_IModule_Interface__BASE__C
  00001440    00001440    00000004   00000004    r-- .const:xdc_runtime_Main_Module__diagsEnabled__C
  00001444    00001444    00000004   00000004    r-- .const:xdc_runtime_Main_Module__diagsIncluded__C
  00001448    00001448    00000004   00000004    r-- .const:xdc_runtime_Main_Module__diagsMask__C
  0000144c    0000144c    00000004   00000004    r-- .const:xdc_runtime_Memory_defaultHeapInstance__C
  00001450    00001450    00000004   00000004    r-- .const:xdc_runtime_Startup_execImpl__C
  00001454    00001454    00000004   00000004    r-- .const:xdc_runtime_Startup_maxPasses__C
  00001458    00001458    00000004   00000004    r-- .const:xdc_runtime_Startup_sfxnRts__C
  0000145c    0000145c    00000004   00000004    r-- .const:xdc_runtime_Startup_sfxnTab__C
  00001460    00001460    00000004   00000004    r-- .const:xdc_runtime_Startup_startModsFxn__C
  00001464    00001464    00000004   00000004    r-- .const:xdc_runtime_SysCallback_abortFxn__C
  00001468    00001468    00000004   00000004    r-- .const:xdc_runtime_SysCallback_exitFxn__C
  0000146c    0000146c    00000004   00000004    r-- .const:xdc_runtime_System_abortFxn__C
  00001470    00001470    00000004   00000004    r-- .const:xdc_runtime_System_exitFxn__C
  00001474    00001474    00000004   00000004    r-- .const:xdc_runtime_System_maxAtexitHandlers__C
  00001478    00001478    00000004   00000004    r-- .const:xdc_runtime_Text_charTab__C
  0000147c    0000147c    00000004   00000004    r-- .const:xdc_runtime_Text_nameEmpty__C
  00001480    00001480    00000004   00000004    r-- .const:xdc_runtime_Text_nameStatic__C
  00001484    00001484    00000004   00000004    r-- .const:xdc_runtime_Text_nameUnknown__C
  00001488    00001488    00000002   00000002    r-- .const:xdc_runtime_Main_Module__id__C
  0000148a    0000148a    00000002   00000002    r-- .const:xdc_runtime_Memory_Module__id__C
  0000148c    0000148c    00000002   00000002    r-- .const:xdc_runtime_Text_charCnt__C
  0000148e    0000148e    00000002   00000002    r-- .const:xdc_runtime_Text_isLoaded__C
  00001490    00001490    00000001   00000001    r-- .const:xdc_runtime_Error_policy__C
  00001494    00001494    00000004   00000004    r-- .const:ti_sysbios_rom_ROM_AONRTCChannelEnable
  00001498    00001498    00000004   00000004    r-- .const:ti_sysbios_rom_ROM_AONRTCCompareValueSet
  0000149c    0000149c    00000004   00000004    r-- .const:ti_sysbios_rom_ROM_AONRTCCurrentCompareValueGet
  000014a0    000014a0    00000004   00000004    r-- .const:ti_sysbios_rom_ROM_AONRTCEventClear
  000014a4    000014a4    00000004   00000004    r-- .const:ti_sysbios_rom_ROM_ti_sysbios_family_arm_cc26xx_Timer_getCount64__E
  000014a8    000014a8    00000004   00000004    r-- .const:ti_sysbios_rom_ROM_ti_sysbios_family_arm_cc26xx_Timer_getCurrentTick__E
  000014ac    000014ac    00000004   00000004    r-- .const:ti_sysbios_rom_ROM_ti_sysbios_family_arm_cc26xx_Timer_getMaxTicks__E
  000014b0    000014b0    00000004   00000004    r-- .const:ti_sysbios_rom_ROM_ti_sysbios_family_arm_cc26xx_Timer_initDevice__I
  000014b4    000014b4    00000004   00000004    r-- .const:ti_sysbios_rom_ROM_ti_sysbios_family_arm_cc26xx_Timer_setNextTick__E
  000014b8    000014b8    00000004   00000004    r-- .const:ti_sysbios_rom_ROM_ti_sysbios_family_arm_cc26xx_Timer_setThreshold__I
  000014bc    000014bc    00000004   00000004    r-- .const:ti_sysbios_rom_ROM_ti_sysbios_family_arm_cc26xx_Timer_start__E
  000014c0    000014c0    00000004   00000004    r-- .const:ti_sysbios_rom_ROM_ti_sysbios_family_arm_cc26xx_TimestampProvider_get32__E
  000014c4    000014c4    00000004   00000004    r-- .const:ti_sysbios_rom_ROM_xdc_runtime_Startup_getState__I
  000014c8    000014c8    00000004   00000004    r-- .const:ti_sysbios_rom_ROM_xdc_runtime_System_SupportProxy_abort__E
  000014cc    000014cc    00000004   00000004    r-- .const:ti_sysbios_rom_ROM_xdc_runtime_System_SupportProxy_exit__E
  000014d0    000014d0    00000004   00000004    r-- .const:ti_sysbios_gates_GateMutex_Instance_State_sem__O
  000014d4    000014d4    00000004   00000004    r-- .const:ti_sysbios_knl_Clock_Module_State_clockQ__O
  000014d8    000014d8    00000004   00000004    r-- .const:ti_sysbios_knl_Mailbox_Instance_State_dataQue__O
  000014dc    000014dc    00000004   00000004    r-- .const:ti_sysbios_knl_Mailbox_Instance_State_dataSem__O
  000014e0    000014e0    00000004   00000004    r-- .const:ti_sysbios_knl_Mailbox_Instance_State_freeQue__O
  000014e4    000014e4    00000004   00000004    r-- .const:ti_sysbios_knl_Mailbox_Instance_State_freeSem__O
  000014e8    000014e8    00000004   00000004    r-- .const:ti_sysbios_knl_Semaphore_Instance_State_pendQ__O
  000014ec    000014ec    00000004   00000004    r-- .const:ti_sysbios_knl_Task_Module_State_inactiveQ__O
  000014f0    000014f0    00008104   00008104    r-x .text.4
  000095f4    000095f4    00004cd0   00004cd0    r-- .const
  0000e2c8    0000e2c8    000004c0   000004c0    r-- .cinit
0001ffa8    0001ffa8    00000058   00000058    r--
  0001ffa8    0001ffa8    00000058   00000058    r-- .ccfg
20000100    20000100    0000112e   00000000    rw-
  20000100    20000100    00000044   00000000    rw- .data:ti_sysbios_knl_Task_Module__state__V
  20000144    20000144    00000034   00000000    rw- .data:ti_sysbios_family_arm_m3_Hwi_Module__state__V
  20000178    20000178    0000002c   00000000    rw- .data:ti_sysbios_knl_Clock_Module__state__V
  200001a4    200001a4    00000024   00000000    rw- .data:ti_sysbios_BIOS_Module__state__V
  200001c8    200001c8    0000001c   00000000    rw- .data:ti_sysbios_knl_Swi_Module__state__V
  200001e4    200001e4    00000008   00000000    rw- .data:ti_sysbios_family_arm_cc26xx_Timer_Module__state__V
  200001ec    200001ec    00000004   00000000    rw- .data:ti_sysbios_family_arm_cc26xx_TimestampProvider_Module__state__V
  200001f0    200001f0    00000008   00000000    rw- .data:xdc_runtime_Startup_Module__state__V
  200001f8    200001f8    00000008   00000000    rw- .data:xdc_runtime_System_Module__state__V
  20000200    20000200    00000004   00000000    rw- .data:xdc_runtime_Memory_Module__state__V
  20000208    20000208    00001026   00000000    rw- .bss
20001230    20001230    00001000   00000000    r--
  20001230    20001230    00001000   00000000    r-- .priheap
20002230    20002230    00000bca   00000000    rw-
  20002230    20002230    00000bca   00000000    rw- .data
20004c00    20004c00    00000400   00000000    rw-
  20004c00    20004c00    00000400   00000000    rw- .stack


SECTION ALLOCATION MAP

 output                                  attributes/
section   page    origin      length       input sections
--------  ----  ----------  ----------   ----------------
.const:ti_sysbios_knl_Task_Object__PARAMS__C 
*          0    00001000    0000003c     
                  00001000    0000003c     release_pem3.oem3 (.const:ti_sysbios_knl_Task_Object__PARAMS__C)

.const:ti_sysbios_knl_Mailbox_Object__PARAMS__C 
*          0    0000103c    00000034     
                  0000103c    00000034     release_pem3.oem3 (.const:ti_sysbios_knl_Mailbox_Object__PARAMS__C)

.const:ti_sysbios_family_arm_m3_Hwi_Object__PARAMS__C 
*          0    00001070    00000030     
                  00001070    00000030     release_pem3.oem3 (.const:ti_sysbios_family_arm_m3_Hwi_Object__PARAMS__C)

.const:ti_sysbios_hal_Hwi_Object__PARAMS__C 
*          0    000010a0    0000002c     
                  000010a0    0000002c     release_pem3.oem3 (.const:ti_sysbios_hal_Hwi_Object__PARAMS__C)

.const:ti_sysbios_heaps_HeapMem_Module__FXNS__C 
*          0    000010cc    00000028     
                  000010cc    00000028     release_pem3.oem3 (.const:ti_sysbios_heaps_HeapMem_Module__FXNS__C)

.const:ti_sysbios_knl_Swi_Object__PARAMS__C 
*          0    000010f4    00000028     
                  000010f4    00000028     release_pem3.oem3 (.const:ti_sysbios_knl_Swi_Object__PARAMS__C)

.const:ti_sysbios_gates_GateHwi_Module__FXNS__C 
*          0    0000111c    00000024     
                  0000111c    00000024     release_pem3.oem3 (.const:ti_sysbios_gates_GateHwi_Module__FXNS__C)

.const:ti_sysbios_gates_GateMutex_Module__FXNS__C 
*          0    00001140    00000024     
                  00001140    00000024     release_pem3.oem3 (.const:ti_sysbios_gates_GateMutex_Module__FXNS__C)

.const:ti_sysbios_heaps_HeapMem_Object__PARAMS__C 
*          0    00001164    00000024     
                  00001164    00000024     release_pem3.oem3 (.const:ti_sysbios_heaps_HeapMem_Object__PARAMS__C)

.const:ti_sysbios_knl_Clock_Object__PARAMS__C 
*          0    00001188    00000024     
                  00001188    00000024     release_pem3.oem3 (.const:ti_sysbios_knl_Clock_Object__PARAMS__C)

.const:ti_sysbios_knl_Semaphore_Object__PARAMS__C 
*          0    000011ac    00000024     
                  000011ac    00000024     release_pem3.oem3 (.const:ti_sysbios_knl_Semaphore_Object__PARAMS__C)

.const:ti_sysbios_family_arm_m3_Hwi_Object__DESC__C 
*          0    000011d0    00000020     
                  000011d0    00000020     release_pem3.oem3 (.const:ti_sysbios_family_arm_m3_Hwi_Object__DESC__C)

.const:ti_sysbios_gates_GateHwi_Object__DESC__C 
*          0    000011f0    00000020     
                  000011f0    00000020     release_pem3.oem3 (.const:ti_sysbios_gates_GateHwi_Object__DESC__C)

.const:ti_sysbios_gates_GateMutex_Object__DESC__C 
*          0    00001210    00000020     
                  00001210    00000020     release_pem3.oem3 (.const:ti_sysbios_gates_GateMutex_Object__DESC__C)

.const:ti_sysbios_hal_Hwi_Object__DESC__C 
*          0    00001230    00000020     
                  00001230    00000020     release_pem3.oem3 (.const:ti_sysbios_hal_Hwi_Object__DESC__C)

.const:ti_sysbios_heaps_HeapMem_Object__DESC__C 
*          0    00001250    00000020     
                  00001250    00000020     release_pem3.oem3 (.const:ti_sysbios_heaps_HeapMem_Object__DESC__C)

.const:ti_sysbios_knl_Clock_Object__DESC__C 
*          0    00001270    00000020     
                  00001270    00000020     release_pem3.oem3 (.const:ti_sysbios_knl_Clock_Object__DESC__C)

.const:ti_sysbios_knl_Mailbox_Object__DESC__C 
*          0    00001290    00000020     
                  00001290    00000020     release_pem3.oem3 (.const:ti_sysbios_knl_Mailbox_Object__DESC__C)

.const:ti_sysbios_knl_Queue_Object__DESC__C 
*          0    000012b0    00000020     
                  000012b0    00000020     release_pem3.oem3 (.const:ti_sysbios_knl_Queue_Object__DESC__C)

.const:ti_sysbios_knl_Semaphore_Object__DESC__C 
*          0    000012d0    00000020     
                  000012d0    00000020     release_pem3.oem3 (.const:ti_sysbios_knl_Semaphore_Object__DESC__C)

.const:ti_sysbios_knl_Swi_Object__DESC__C 
*          0    000012f0    00000020     
                  000012f0    00000020     release_pem3.oem3 (.const:ti_sysbios_knl_Swi_Object__DESC__C)

.const:ti_sysbios_knl_Task_Object__DESC__C 
*          0    00001310    00000020     
                  00001310    00000020     release_pem3.oem3 (.const:ti_sysbios_knl_Task_Object__DESC__C)

.const:ti_sysbios_gates_GateHwi_Object__PARAMS__C 
*          0    00001330    00000018     
                  00001330    00000018     release_pem3.oem3 (.const:ti_sysbios_gates_GateHwi_Object__PARAMS__C)

.const:ti_sysbios_gates_GateMutex_Object__PARAMS__C 
*          0    00001348    00000018     
                  00001348    00000018     release_pem3.oem3 (.const:ti_sysbios_gates_GateMutex_Object__PARAMS__C)

.const:ti_sysbios_knl_Queue_Object__PARAMS__C 
*          0    00001360    00000018     
                  00001360    00000018     release_pem3.oem3 (.const:ti_sysbios_knl_Queue_Object__PARAMS__C)

.const:ti_sysbios_knl_Idle_funcList__C 
*          0    00001378    00000008     
                  00001378    00000008     release_pem3.oem3 (.const:ti_sysbios_knl_Idle_funcList__C)

.const:ti_sysbios_family_arm_cc26xx_Timer_startupNeeded__C 
*          0    00001384    00000004     
                  00001384    00000004     release_pem3.oem3 (.const:ti_sysbios_family_arm_cc26xx_Timer_startupNeeded__C)

.const:ti_sysbios_family_arm_m3_Hwi_E_alreadyDefined__C 
*          0    00001388    00000004     
                  00001388    00000004     release_pem3.oem3 (.const:ti_sysbios_family_arm_m3_Hwi_E_alreadyDefined__C)

.const:ti_sysbios_family_arm_m3_Hwi_E_hwiLimitExceeded__C 
*          0    0000138c    00000004     
                  0000138c    00000004     release_pem3.oem3 (.const:ti_sysbios_family_arm_m3_Hwi_E_hwiLimitExceeded__C)

.const:ti_sysbios_family_arm_m3_Hwi_NUM_INTERRUPTS__C 
*          0    00001390    00000004     
                  00001390    00000004     release_pem3.oem3 (.const:ti_sysbios_family_arm_m3_Hwi_NUM_INTERRUPTS__C)

.const:ti_sysbios_family_arm_m3_Hwi_Object__count__C 
*          0    00001394    00000004     
                  00001394    00000004     release_pem3.oem3 (.const:ti_sysbios_family_arm_m3_Hwi_Object__count__C)

.const:ti_sysbios_family_arm_m3_Hwi_Object__table__C 
*          0    00001398    00000004     
                  00001398    00000004     release_pem3.oem3 (.const:ti_sysbios_family_arm_m3_Hwi_Object__table__C)

.const:ti_sysbios_family_arm_m3_Hwi_ccr__C 
*          0    0000139c    00000004     
                  0000139c    00000004     release_pem3.oem3 (.const:ti_sysbios_family_arm_m3_Hwi_ccr__C)

.const:ti_sysbios_family_arm_m3_Hwi_excHandlerFunc__C 
*          0    000013a0    00000004     
                  000013a0    00000004     release_pem3.oem3 (.const:ti_sysbios_family_arm_m3_Hwi_excHandlerFunc__C)

.const:ti_sysbios_family_arm_m3_Hwi_nullIsrFunc__C 
*          0    000013a4    00000004     
                  000013a4    00000004     release_pem3.oem3 (.const:ti_sysbios_family_arm_m3_Hwi_nullIsrFunc__C)

.const:ti_sysbios_family_arm_m3_Hwi_numSparseInterrupts__C 
*          0    000013a8    00000004     
                  000013a8    00000004     release_pem3.oem3 (.const:ti_sysbios_family_arm_m3_Hwi_numSparseInterrupts__C)

.const:ti_sysbios_family_arm_m3_Hwi_priGroup__C 
*          0    000013ac    00000004     
                  000013ac    00000004     release_pem3.oem3 (.const:ti_sysbios_family_arm_m3_Hwi_priGroup__C)

.const:ti_sysbios_family_arm_m3_TaskSupport_stackAlignment__C 
*          0    000013b0    00000004     
                  000013b0    00000004     release_pem3.oem3 (.const:ti_sysbios_family_arm_m3_TaskSupport_stackAlignment__C)

.const:ti_sysbios_heaps_HeapMem_E_memory__C 
*          0    000013b4    00000004     
                  000013b4    00000004     release_pem3.oem3 (.const:ti_sysbios_heaps_HeapMem_E_memory__C)

.const:ti_sysbios_heaps_HeapMem_Module__gateObj__C 
*          0    000013b8    00000004     
                  000013b8    00000004     release_pem3.oem3 (.const:ti_sysbios_heaps_HeapMem_Module__gateObj__C)

.const:ti_sysbios_heaps_HeapMem_Object__count__C 
*          0    000013bc    00000004     
                  000013bc    00000004     release_pem3.oem3 (.const:ti_sysbios_heaps_HeapMem_Object__count__C)

.const:ti_sysbios_heaps_HeapMem_Object__table__C 
*          0    000013c0    00000004     
                  000013c0    00000004     release_pem3.oem3 (.const:ti_sysbios_heaps_HeapMem_Object__table__C)

.const:ti_sysbios_heaps_HeapMem_reqAlign__C 
*          0    000013c4    00000004     
                  000013c4    00000004     release_pem3.oem3 (.const:ti_sysbios_heaps_HeapMem_reqAlign__C)

.const:ti_sysbios_knl_Clock_serviceMargin__C 
*          0    000013c8    00000004     
                  000013c8    00000004     release_pem3.oem3 (.const:ti_sysbios_knl_Clock_serviceMargin__C)

.const:ti_sysbios_knl_Mailbox_Object__count__C 
*          0    000013cc    00000004     
                  000013cc    00000004     release_pem3.oem3 (.const:ti_sysbios_knl_Mailbox_Object__count__C)

.const:ti_sysbios_knl_Mailbox_Object__table__C 
*          0    000013d0    00000004     
                  000013d0    00000004     release_pem3.oem3 (.const:ti_sysbios_knl_Mailbox_Object__table__C)

.const:ti_sysbios_knl_Mailbox_maxTypeAlign__C 
*          0    000013d4    00000004     
                  000013d4    00000004     release_pem3.oem3 (.const:ti_sysbios_knl_Mailbox_maxTypeAlign__C)

.const:ti_sysbios_knl_Queue_Object__count__C 
*          0    000013d8    00000004     
                  000013d8    00000004     release_pem3.oem3 (.const:ti_sysbios_knl_Queue_Object__count__C)

.const:ti_sysbios_knl_Queue_Object__table__C 
*          0    000013dc    00000004     
                  000013dc    00000004     release_pem3.oem3 (.const:ti_sysbios_knl_Queue_Object__table__C)

.const:ti_sysbios_knl_Swi_Object__count__C 
*          0    000013e0    00000004     
                  000013e0    00000004     release_pem3.oem3 (.const:ti_sysbios_knl_Swi_Object__count__C)

.const:ti_sysbios_knl_Swi_Object__table__C 
*          0    000013e4    00000004     
                  000013e4    00000004     release_pem3.oem3 (.const:ti_sysbios_knl_Swi_Object__table__C)

.const:ti_sysbios_knl_Swi_numPriorities__C 
*          0    000013e8    00000004     
                  000013e8    00000004     release_pem3.oem3 (.const:ti_sysbios_knl_Swi_numPriorities__C)

.const:ti_sysbios_knl_Task_Object__count__C 
*          0    000013ec    00000004     
                  000013ec    00000004     release_pem3.oem3 (.const:ti_sysbios_knl_Task_Object__count__C)

.const:ti_sysbios_knl_Task_Object__table__C 
*          0    000013f0    00000004     
                  000013f0    00000004     release_pem3.oem3 (.const:ti_sysbios_knl_Task_Object__table__C)

.const:ti_sysbios_knl_Task_allBlockedFunc__C 
*          0    000013f4    00000004     
                  000013f4    00000004     release_pem3.oem3 (.const:ti_sysbios_knl_Task_allBlockedFunc__C)

.const:ti_sysbios_knl_Task_defaultStackHeap__C 
*          0    000013f8    00000004     
                  000013f8    00000004     release_pem3.oem3 (.const:ti_sysbios_knl_Task_defaultStackHeap__C)

.const:ti_sysbios_knl_Task_defaultStackSize__C 
*          0    000013fc    00000004     
                  000013fc    00000004     release_pem3.oem3 (.const:ti_sysbios_knl_Task_defaultStackSize__C)

.const:ti_sysbios_knl_Task_numConstructedTasks__C 
*          0    00001400    00000004     
                  00001400    00000004     release_pem3.oem3 (.const:ti_sysbios_knl_Task_numConstructedTasks__C)

.const:ti_sysbios_family_arm_cc26xx_Timer_Module__id__C 
*          0    00001406    00000002     
                  00001406    00000002     release_pem3.oem3 (.const:ti_sysbios_family_arm_cc26xx_Timer_Module__id__C)

.const:ti_sysbios_family_arm_cc26xx_TimestampProvider_useClockTimer__C 
*          0    00001408    00000002     
                  00001408    00000002     release_pem3.oem3 (.const:ti_sysbios_family_arm_cc26xx_TimestampProvider_useClockTimer__C)

.const:ti_sysbios_family_arm_m3_Hwi_Module__id__C 
*          0    0000140a    00000002     
                  0000140a    00000002     release_pem3.oem3 (.const:ti_sysbios_family_arm_m3_Hwi_Module__id__C)

.const:ti_sysbios_gates_GateHwi_Module__id__C 
*          0    0000140c    00000002     
                  0000140c    00000002     release_pem3.oem3 (.const:ti_sysbios_gates_GateHwi_Module__id__C)

.const:ti_sysbios_gates_GateMutex_Module__id__C 
*          0    0000140e    00000002     
                  0000140e    00000002     release_pem3.oem3 (.const:ti_sysbios_gates_GateMutex_Module__id__C)

.const:ti_sysbios_heaps_HeapMem_Module__id__C 
*          0    00001410    00000002     
                  00001410    00000002     release_pem3.oem3 (.const:ti_sysbios_heaps_HeapMem_Module__id__C)

.const:ti_sysbios_knl_Task_initStackFlag__C 
*          0    00001412    00000002     
                  00001412    00000002     release_pem3.oem3 (.const:ti_sysbios_knl_Task_initStackFlag__C)

.const:ti_sysbios_knl_Clock_tickMode__C 
*          0    00001414    00000001     
                  00001414    00000001     release_pem3.oem3 (.const:ti_sysbios_knl_Clock_tickMode__C)

.const:xdc_runtime_Startup_firstFxns__C 
*          0    00001418    00000008     
                  00001418    00000008     release_pem3.oem3 (.const:xdc_runtime_Startup_firstFxns__C)

.const:xdc_runtime_Startup_lastFxns__C 
*          0    00001420    00000008     
                  00001420    00000008     release_pem3.oem3 (.const:xdc_runtime_Startup_lastFxns__C)

.const:xdc_runtime_Assert_E_assertFailed__C 
*          0    00001428    00000004     
                  00001428    00000004     release_pem3.oem3 (.const:xdc_runtime_Assert_E_assertFailed__C)

.const:xdc_runtime_Error_E_memory__C 
*          0    0000142c    00000004     
                  0000142c    00000004     release_pem3.oem3 (.const:xdc_runtime_Error_E_memory__C)

.const:xdc_runtime_Error_policyFxn__C 
*          0    00001430    00000004     
                  00001430    00000004     release_pem3.oem3 (.const:xdc_runtime_Error_policyFxn__C)

.const:xdc_runtime_IGateProvider_Interface__BASE__C 
*          0    00001434    00000004     
                  00001434    00000004     release_pem3.oem3 (.const:xdc_runtime_IGateProvider_Interface__BASE__C)

.const:xdc_runtime_IHeap_Interface__BASE__C 
*          0    00001438    00000004     
                  00001438    00000004     release_pem3.oem3 (.const:xdc_runtime_IHeap_Interface__BASE__C)

.const:xdc_runtime_IModule_Interface__BASE__C 
*          0    0000143c    00000004     
                  0000143c    00000004     release_pem3.oem3 (.const:xdc_runtime_IModule_Interface__BASE__C)

.const:xdc_runtime_Main_Module__diagsEnabled__C 
*          0    00001440    00000004     
                  00001440    00000004     release_pem3.oem3 (.const:xdc_runtime_Main_Module__diagsEnabled__C)

.const:xdc_runtime_Main_Module__diagsIncluded__C 
*          0    00001444    00000004     
                  00001444    00000004     release_pem3.oem3 (.const:xdc_runtime_Main_Module__diagsIncluded__C)

.const:xdc_runtime_Main_Module__diagsMask__C 
*          0    00001448    00000004     
                  00001448    00000004     release_pem3.oem3 (.const:xdc_runtime_Main_Module__diagsMask__C)

.const:xdc_runtime_Memory_defaultHeapInstance__C 
*          0    0000144c    00000004     
                  0000144c    00000004     release_pem3.oem3 (.const:xdc_runtime_Memory_defaultHeapInstance__C)

.const:xdc_runtime_Startup_execImpl__C 
*          0    00001450    00000004     
                  00001450    00000004     release_pem3.oem3 (.const:xdc_runtime_Startup_execImpl__C)

.const:xdc_runtime_Startup_maxPasses__C 
*          0    00001454    00000004     
                  00001454    00000004     release_pem3.oem3 (.const:xdc_runtime_Startup_maxPasses__C)

.const:xdc_runtime_Startup_sfxnRts__C 
*          0    00001458    00000004     
                  00001458    00000004     release_pem3.oem3 (.const:xdc_runtime_Startup_sfxnRts__C)

.const:xdc_runtime_Startup_sfxnTab__C 
*          0    0000145c    00000004     
                  0000145c    00000004     release_pem3.oem3 (.const:xdc_runtime_Startup_sfxnTab__C)

.const:xdc_runtime_Startup_startModsFxn__C 
*          0    00001460    00000004     
                  00001460    00000004     release_pem3.oem3 (.const:xdc_runtime_Startup_startModsFxn__C)

.const:xdc_runtime_SysCallback_abortFxn__C 
*          0    00001464    00000004     
                  00001464    00000004     release_pem3.oem3 (.const:xdc_runtime_SysCallback_abortFxn__C)

.const:xdc_runtime_SysCallback_exitFxn__C 
*          0    00001468    00000004     
                  00001468    00000004     release_pem3.oem3 (.const:xdc_runtime_SysCallback_exitFxn__C)

.const:xdc_runtime_System_abortFxn__C 
*          0    0000146c    00000004     
                  0000146c    00000004     release_pem3.oem3 (.const:xdc_runtime_System_abortFxn__C)

.const:xdc_runtime_System_exitFxn__C 
*          0    00001470    00000004     
                  00001470    00000004     release_pem3.oem3 (.const:xdc_runtime_System_exitFxn__C)

.const:xdc_runtime_System_maxAtexitHandlers__C 
*          0    00001474    00000004     
                  00001474    00000004     release_pem3.oem3 (.const:xdc_runtime_System_maxAtexitHandlers__C)

.const:xdc_runtime_Text_charTab__C 
*          0    00001478    00000004     
                  00001478    00000004     release_pem3.oem3 (.const:xdc_runtime_Text_charTab__C)

.const:xdc_runtime_Text_nameEmpty__C 
*          0    0000147c    00000004     
                  0000147c    00000004     release_pem3.oem3 (.const:xdc_runtime_Text_nameEmpty__C)

.const:xdc_runtime_Text_nameStatic__C 
*          0    00001480    00000004     
                  00001480    00000004     release_pem3.oem3 (.const:xdc_runtime_Text_nameStatic__C)

.const:xdc_runtime_Text_nameUnknown__C 
*          0    00001484    00000004     
                  00001484    00000004     release_pem3.oem3 (.const:xdc_runtime_Text_nameUnknown__C)

.const:xdc_runtime_Main_Module__id__C 
*          0    00001488    00000002     
                  00001488    00000002     release_pem3.oem3 (.const:xdc_runtime_Main_Module__id__C)

.const:xdc_runtime_Memory_Module__id__C 
*          0    0000148a    00000002     
                  0000148a    00000002     release_pem3.oem3 (.const:xdc_runtime_Memory_Module__id__C)

.const:xdc_runtime_Text_charCnt__C 
*          0    0000148c    00000002     
                  0000148c    00000002     release_pem3.oem3 (.const:xdc_runtime_Text_charCnt__C)

.const:xdc_runtime_Text_isLoaded__C 
*          0    0000148e    00000002     
                  0000148e    00000002     release_pem3.oem3 (.const:xdc_runtime_Text_isLoaded__C)

.const:xdc_runtime_Error_policy__C 
*          0    00001490    00000001     
                  00001490    00000001     release_pem3.oem3 (.const:xdc_runtime_Error_policy__C)

.const:ti_sysbios_rom_ROM_AONRTCChannelEnable 
*          0    00001494    00000004     
                  00001494    00000004     release_pem3.oem3 (.const:ti_sysbios_rom_ROM_AONRTCChannelEnable)

.const:ti_sysbios_rom_ROM_AONRTCCompareValueSet 
*          0    00001498    00000004     
                  00001498    00000004     release_pem3.oem3 (.const:ti_sysbios_rom_ROM_AONRTCCompareValueSet)

.const:ti_sysbios_rom_ROM_AONRTCCurrentCompareValueGet 
*          0    0000149c    00000004     
                  0000149c    00000004     release_pem3.oem3 (.const:ti_sysbios_rom_ROM_AONRTCCurrentCompareValueGet)

.const:ti_sysbios_rom_ROM_AONRTCEventClear 
*          0    000014a0    00000004     
                  000014a0    00000004     release_pem3.oem3 (.const:ti_sysbios_rom_ROM_AONRTCEventClear)

.const:ti_sysbios_rom_ROM_ti_sysbios_family_arm_cc26xx_Timer_getCount64__E 
*          0    000014a4    00000004     
                  000014a4    00000004     release_pem3.oem3 (.const:ti_sysbios_rom_ROM_ti_sysbios_family_arm_cc26xx_Timer_getCount64__E)

.const:ti_sysbios_rom_ROM_ti_sysbios_family_arm_cc26xx_Timer_getCurrentTick__E 
*          0    000014a8    00000004     
                  000014a8    00000004     release_pem3.oem3 (.const:ti_sysbios_rom_ROM_ti_sysbios_family_arm_cc26xx_Timer_getCurrentTick__E)

.const:ti_sysbios_rom_ROM_ti_sysbios_family_arm_cc26xx_Timer_getMaxTicks__E 
*          0    000014ac    00000004     
                  000014ac    00000004     release_pem3.oem3 (.const:ti_sysbios_rom_ROM_ti_sysbios_family_arm_cc26xx_Timer_getMaxTicks__E)

.const:ti_sysbios_rom_ROM_ti_sysbios_family_arm_cc26xx_Timer_initDevice__I 
*          0    000014b0    00000004     
                  000014b0    00000004     release_pem3.oem3 (.const:ti_sysbios_rom_ROM_ti_sysbios_family_arm_cc26xx_Timer_initDevice__I)

.const:ti_sysbios_rom_ROM_ti_sysbios_family_arm_cc26xx_Timer_setNextTick__E 
*          0    000014b4    00000004     
                  000014b4    00000004     release_pem3.oem3 (.const:ti_sysbios_rom_ROM_ti_sysbios_family_arm_cc26xx_Timer_setNextTick__E)

.const:ti_sysbios_rom_ROM_ti_sysbios_family_arm_cc26xx_Timer_setThreshold__I 
*          0    000014b8    00000004     
                  000014b8    00000004     release_pem3.oem3 (.const:ti_sysbios_rom_ROM_ti_sysbios_family_arm_cc26xx_Timer_setThreshold__I)

.const:ti_sysbios_rom_ROM_ti_sysbios_family_arm_cc26xx_Timer_start__E 
*          0    000014bc    00000004     
                  000014bc    00000004     release_pem3.oem3 (.const:ti_sysbios_rom_ROM_ti_sysbios_family_arm_cc26xx_Timer_start__E)

.const:ti_sysbios_rom_ROM_ti_sysbios_family_arm_cc26xx_TimestampProvider_get32__E 
*          0    000014c0    00000004     
                  000014c0    00000004     release_pem3.oem3 (.const:ti_sysbios_rom_ROM_ti_sysbios_family_arm_cc26xx_TimestampProvider_get32__E)

.const:ti_sysbios_rom_ROM_xdc_runtime_Startup_getState__I 
*          0    000014c4    00000004     
                  000014c4    00000004     release_pem3.oem3 (.const:ti_sysbios_rom_ROM_xdc_runtime_Startup_getState__I)

.const:ti_sysbios_rom_ROM_xdc_runtime_System_SupportProxy_abort__E 
*          0    000014c8    00000004     
                  000014c8    00000004     release_pem3.oem3 (.const:ti_sysbios_rom_ROM_xdc_runtime_System_SupportProxy_abort__E)

.const:ti_sysbios_rom_ROM_xdc_runtime_System_SupportProxy_exit__E 
*          0    000014cc    00000004     
                  000014cc    00000004     release_pem3.oem3 (.const:ti_sysbios_rom_ROM_xdc_runtime_System_SupportProxy_exit__E)

.const:ti_sysbios_gates_GateMutex_Instance_State_sem__O 
*          0    000014d0    00000004     
                  000014d0    00000004     release_pem3.oem3 (.const:ti_sysbios_gates_GateMutex_Instance_State_sem__O)

.const:ti_sysbios_knl_Clock_Module_State_clockQ__O 
*          0    000014d4    00000004     
                  000014d4    00000004     release_pem3.oem3 (.const:ti_sysbios_knl_Clock_Module_State_clockQ__O)

.const:ti_sysbios_knl_Mailbox_Instance_State_dataQue__O 
*          0    000014d8    00000004     
                  000014d8    00000004     release_pem3.oem3 (.const:ti_sysbios_knl_Mailbox_Instance_State_dataQue__O)

.const:ti_sysbios_knl_Mailbox_Instance_State_dataSem__O 
*          0    000014dc    00000004     
                  000014dc    00000004     release_pem3.oem3 (.const:ti_sysbios_knl_Mailbox_Instance_State_dataSem__O)

.const:ti_sysbios_knl_Mailbox_Instance_State_freeQue__O 
*          0    000014e0    00000004     
                  000014e0    00000004     release_pem3.oem3 (.const:ti_sysbios_knl_Mailbox_Instance_State_freeQue__O)

.const:ti_sysbios_knl_Mailbox_Instance_State_freeSem__O 
*          0    000014e4    00000004     
                  000014e4    00000004     release_pem3.oem3 (.const:ti_sysbios_knl_Mailbox_Instance_State_freeSem__O)

.const:ti_sysbios_knl_Semaphore_Instance_State_pendQ__O 
*          0    000014e8    00000004     
                  000014e8    00000004     release_pem3.oem3 (.const:ti_sysbios_knl_Semaphore_Instance_State_pendQ__O)

.const:ti_sysbios_knl_Task_Module_State_inactiveQ__O 
*          0    000014ec    00000004     
                  000014ec    00000004     release_pem3.oem3 (.const:ti_sysbios_knl_Task_Module_State_inactiveQ__O)

.cinit     0    0000e2c8    000004c0     
                  0000e2c8    00000383     (.cinit..data.load) [load image, compression = lzss]
                  0000e64b    00000028     (.cinit..data:ti_sysbios_family_arm_m3_Hwi_Module__state__V.load) [load image, compression = lzss]
                  0000e673    00000021     (.cinit..data:ti_sysbios_knl_Task_Module__state__V.load) [load image, compression = lzss]
                  0000e694    0000001f     (.cinit..data:ti_sysbios_BIOS_Module__state__V.load) [load image, compression = lzss]
                  0000e6b3    0000001e     (.cinit..data:ti_sysbios_knl_Clock_Module__state__V.load) [load image, compression = lzss]
                  0000e6d1    00000010     (.cinit..data:ti_sysbios_knl_Swi_Module__state__V.load) [load image, compression = lzss]
                  0000e6e1    00000003     --HOLE-- [fill = 0]
                  0000e6e4    0000000c     (__TI_handler_table)
                  0000e6f0    0000000b     (.cinit..data:ti_sysbios_family_arm_cc26xx_Timer_Module__state__V.load) [load image, compression = lzss]
                  0000e6fb    0000000b     (.cinit..data:xdc_runtime_System_Module__state__V.load) [load image, compression = lzss]
                  0000e706    00000002     --HOLE-- [fill = 0]
                  0000e708    00000008     (.cinit..bss.load) [load image, compression = zero_init]
                  0000e710    00000008     (.cinit..data:xdc_runtime_Memory_Module__state__V.load) [load image, compression = lzss]
                  0000e718    00000007     (.cinit..data:ti_sysbios_family_arm_cc26xx_TimestampProvider_Module__state__V.load) [load image, compression = lzss]
                  0000e71f    00000007     (.cinit..data:xdc_runtime_Startup_Module__state__V.load) [load image, compression = lzss]
                  0000e726    00000002     --HOLE-- [fill = 0]
                  0000e728    00000060     (__TI_cinit_table)

.init_array 
*          0    00000000    00000000     UNINITIALIZED

.ccfg      0    0001ffa8    00000058     
                  0001ffa8    00000058     ccfg.obj (.ccfg:retain)

.data:ti_sysbios_knl_Task_Module__state__V 
*          0    20000100    00000044     UNINITIALIZED
                  20000100    00000044     release_pem3.oem3 (.data:ti_sysbios_knl_Task_Module__state__V)

.data:ti_sysbios_family_arm_m3_Hwi_Module__state__V 
*          0    20000144    00000034     UNINITIALIZED
                  20000144    00000034     release_pem3.oem3 (.data:ti_sysbios_family_arm_m3_Hwi_Module__state__V)

.data:ti_sysbios_knl_Clock_Module__state__V 
*          0    20000178    0000002c     UNINITIALIZED
                  20000178    0000002c     release_pem3.oem3 (.data:ti_sysbios_knl_Clock_Module__state__V)

.data:ti_sysbios_BIOS_Module__state__V 
*          0    200001a4    00000024     UNINITIALIZED
                  200001a4    00000024     release_pem3.oem3 (.data:ti_sysbios_BIOS_Module__state__V)

.data:ti_sysbios_knl_Swi_Module__state__V 
*          0    200001c8    0000001c     UNINITIALIZED
                  200001c8    0000001c     release_pem3.oem3 (.data:ti_sysbios_knl_Swi_Module__state__V)

.data:ti_sysbios_family_arm_cc26xx_Timer_Module__state__V 
*          0    200001e4    00000008     UNINITIALIZED
                  200001e4    00000008     release_pem3.oem3 (.data:ti_sysbios_family_arm_cc26xx_Timer_Module__state__V)

.data:ti_sysbios_family_arm_cc26xx_TimestampProvider_Module__state__V 
*          0    200001ec    00000004     UNINITIALIZED
                  200001ec    00000004     release_pem3.oem3 (.data:ti_sysbios_family_arm_cc26xx_TimestampProvider_Module__state__V)

.data:xdc_runtime_Startup_Module__state__V 
*          0    200001f0    00000008     UNINITIALIZED
                  200001f0    00000008     release_pem3.oem3 (.data:xdc_runtime_Startup_Module__state__V)

.data:xdc_runtime_System_Module__state__V 
*          0    200001f8    00000008     UNINITIALIZED
                  200001f8    00000008     release_pem3.oem3 (.data:xdc_runtime_System_Module__state__V)

.data:xdc_runtime_Memory_Module__state__V 
*          0    20000200    00000004     UNINITIALIZED
                  20000200    00000004     release_pem3.oem3 (.data:xdc_runtime_Memory_Module__state__V)

.bss       0    20000208    00001026     UNINITIALIZED
                  20000208    00000400     rfEasyLinkTx.obj (.bss:txTaskStack)
                  20000608    00000380     rf_multiMode_cc13x0.aem3 : RFCC26XX_multiMode.oem3 (.bss:$O1$$)
                  20000988    00000200     release_pem3.oem3 (.bss:taskStackSection)
                  20000b88    00000120     rtsv7M3_T_le_eabi.lib : trgmsg.c.obj (.bss:_CIOBUF_)
                  20000ca8    00000120     (.common:gptimerCC26XXObjects)
                  20000dc8    000000c8     EasyLink.obj (.bss:rfObject)
                  20000e90    000000c8     (.common:ti_sysbios_family_arm_m3_Hwi_dispatchTable)
                  20000f58    000000a0     (.common:__TI_tmpnams)
                  20000ff8    0000008c     EasyLink.obj (.bss:txBuffer)
                  20001084    0000003c     rfEasyLinkTx.obj (.bss:txTaskParams)
                  200010c0    00000030     EasyLink.obj (.bss:EasyLink_cmdPropRxAdv)
                  200010f0    00000028     EasyLink.obj (.bss:EasyLink_cmdPropRadioSetup)
                  20001118    0000001c     EasyLink.obj (.bss:EasyLink_cmdPropCs)
                  20001134    0000001c     EasyLink.obj (.bss:rfParams)
                  20001150    00000018     EasyLink.obj (.bss)
                  20001168    00000018     EasyLink.obj (.bss:EasyLink_cmdFs)
                  20001180    00000018     EasyLink.obj (.bss:EasyLink_cmdPropTx)
                  20001198    00000014     rf_multiMode_cc13x0.aem3 : RFCC26XX_multiMode.oem3 (.bss:RF_ratSyncCmd)
                  200011ac    00000014     driverlib.lib : osc.obj (.bss:oscHfGlobals)
                  200011c0    00000010     EasyLink.obj (.bss:EasyLink_RF_prop)
                  200011d0    00000010     EasyLink.obj (.bss:EasyLink_params)
                  200011e0    00000010     rfEasyLinkTx.obj (.bss)
                  200011f0    0000000c     rfEasyLinkTx.obj (.bss:pinState)
                  200011fc    0000000c     EasyLink.obj (.bss:rxStatistics)
                  20001208    00000008     dpl_cc13x0.aem3 : PowerCC26XX_tirtos.oem3 (.bss:$O1$$)
                  20001210    00000008     EasyLink.obj (.bss:dataQueue)
                  20001218    00000008     driverlib.lib : sys_ctrl.obj (.bss:powerQualGlobals)
                  20001220    00000008     (.common:parmbuf)
                  20001228    00000004     (.common:ClockP_tickPeriod)
                  2000122c    00000001     rf_multiMode_cc13x0.aem3 : RFCC26XX_multiMode.oem3 (.bss)
                  2000122d    00000001     (.common:driverlib_release_0_51995)

.data      0    20002230    00000bca     UNINITIALIZED
                  20002230    00000114     drivers_cc13x0.aem3 : PINCC26XX.oem3 (.data:$O1$$)
                  20002344    00000114                         : PowerCC26XX.oem3 (.data:PowerCC26XX_module)
                  20002458    000000f0     rtsv7M3_T_le_eabi.lib : defs.c.obj (.data:_ftable)
                  20002548    00000088     rom_sysbios.aem3 : rom_sysbios.obj (.data:$O1$$)
                  200025d0    00000078     rtsv7M3_T_le_eabi.lib : write.c.obj (.data:_device)
                  20002648    0000006c     smartrf_settings_predefined.obj (.data:pOverrides_sl_lr)
                  200026b4    00000064     smartrf_settings_predefined.obj (.data:pOverrides_hsm)
                  20002718    00000060     smartrf_settings_predefined.obj (.data:pOverrides_lrm)
                  20002778    00000060     smartrf_settings_predefined.obj (.data:pOverrides_ook)
                  200027d8    0000005c     smartrf_settings.obj (.data:pOverrides)
                  20002834    0000005c     smartrf_settings_predefined.obj (.data:pOverrides_fsk)
                  20002890    00000054     release_pem3.oem3 (.data:ti_sysbios_gates_GateMutex_Object__table__V)
                  200028e4    00000050     rtsv7M3_T_le_eabi.lib : write.c.obj (.data:_stream)
                  20002934    0000004c     release_pem3.oem3 (.data:ti_sysbios_knl_Task_Object__table__V)
                  20002980    00000048     release_pem3.oem3 (.data:ti_sysbios_family_arm_cc26xx_Timer_Object__table__V)
                  200029c8    00000044     smartrf_settings_predefined.obj (.data)
                  20002a0c    00000030     smartrf_settings_predefined.obj (.data:RF_cmdPropRxAdv_preDef)
                  20002a3c    00000030     release_pem3.oem3 (.data:ti_sysbios_knl_Swi_Module_State_0_readyQ__A)
                  20002a6c    00000030     release_pem3.oem3 (.data:ti_sysbios_knl_Swi_Object__table__V)
                  20002a9c    00000030     release_pem3.oem3 (.data:ti_sysbios_knl_Task_Module_State_0_readyQ__A)
                  20002acc    00000028     smartrf_settings.obj (.data:RF_cmdPropRadioDivSetup)
                  20002af4    00000028     smartrf_settings_predefined.obj (.data:RF_cmdPropRadioDivSetup_fsk)
                  20002b1c    00000028     smartrf_settings_predefined.obj (.data:RF_cmdPropRadioDivSetup_lrm)
                  20002b44    00000028     smartrf_settings_predefined.obj (.data:RF_cmdPropRadioDivSetup_ook)
                  20002b6c    00000028     smartrf_settings_predefined.obj (.data:RF_cmdPropRadioDivSetup_sl_lr)
                  20002b94    00000024     smartrf_settings_predefined.obj (.data:RF_cmdRxHS)
                  20002bb8    00000020     release_pem3.oem3 (.data:ti_sysbios_knl_Clock_Object__table__V)
                  20002bd8    00000020     release_pem3.oem3 (.data:xdc_runtime_Error_IgnoreBlock)
                  20002bf8    00000018     smartrf_settings.obj (.data:RF_cmdFs)
                  20002c10    00000018     smartrf_settings_predefined.obj (.data:RF_cmdFs_preDef)
                  20002c28    00000018     smartrf_settings.obj (.data:RF_cmdPropTx)
                  20002c40    00000018     smartrf_settings_predefined.obj (.data:RF_cmdPropTx_preDef)
                  20002c58    00000018     smartrf_settings_predefined.obj (.data:RF_cmdRadioSetup_hsm)
                  20002c70    00000018     EasyLink.obj (.data:addrFilterTable)
                  20002c88    00000018     smartrf_settings_predefined.obj (.data:shapeovr)
                  20002ca0    00000018     release_pem3.oem3 (.data:ti_sysbios_family_arm_m3_Hwi_Object__table__V)
                  20002cb8    00000018     release_pem3.oem3 (.data:ti_sysbios_heaps_HeapMem_Object__table__V)
                  20002cd0    00000014     smartrf_settings_predefined.obj (.data:RF_cmdTxHS)
                  20002ce4    00000010     smartrf_settings.obj (.data:RF_prop)
                  20002cf4    00000010     smartrf_settings_predefined.obj (.data:RF_prop_fsk)
                  20002d04    00000010     smartrf_settings_predefined.obj (.data:RF_prop_hsm)
                  20002d14    00000010     smartrf_settings_predefined.obj (.data:RF_prop_lrm)
                  20002d24    00000010     smartrf_settings_predefined.obj (.data:RF_prop_ook)
                  20002d34    00000010     smartrf_settings_predefined.obj (.data:RF_prop_sl_lr)
                  20002d44    00000010     rtsv7M3_T_le_eabi.lib : defs.c.obj (.data)
                  20002d54    0000000f     EasyLink.obj (.data)
                  20002d63    00000001     --HOLE--
                  20002d64    0000000c     rtsv7M3_T_le_eabi.lib : exit.c.obj (.data:$O1$$)
                  20002d70    0000000c     rfEasyLinkTx.obj (.data:pinTable)
                  20002d7c    00000008     rtsv7M3_T_le_eabi.lib : _lock.c.obj (.data:$O1$$)
                  20002d84    00000008     release_pem3.oem3 (.data:ti_sysbios_family_arm_m3_Hwi_Module__root__V)
                  20002d8c    00000008     release_pem3.oem3 (.data:ti_sysbios_gates_GateHwi_Module__root__V)
                  20002d94    00000008     release_pem3.oem3 (.data:ti_sysbios_gates_GateMutex_Module__root__V)
                  20002d9c    00000008     release_pem3.oem3 (.data:ti_sysbios_hal_Hwi_Module__root__V)
                  20002da4    00000008     release_pem3.oem3 (.data:ti_sysbios_heaps_HeapMem_Module__root__V)
                  20002dac    00000008     release_pem3.oem3 (.data:ti_sysbios_knl_Clock_Module__root__V)
                  20002db4    00000008     release_pem3.oem3 (.data:ti_sysbios_knl_Mailbox_Module__root__V)
                  20002dbc    00000008     release_pem3.oem3 (.data:ti_sysbios_knl_Queue_Module__root__V)
                  20002dc4    00000008     release_pem3.oem3 (.data:ti_sysbios_knl_Semaphore_Module__root__V)
                  20002dcc    00000008     release_pem3.oem3 (.data:ti_sysbios_knl_Swi_Module__root__V)
                  20002dd4    00000008     release_pem3.oem3 (.data:ti_sysbios_knl_Task_Module__root__V)
                  20002ddc    00000008     release_pem3.oem3 (.data:xdc_runtime_System_Module_State_0_atexitHandlers__A)
                  20002de4    00000004     rtsv7M3_T_le_eabi.lib : rand.c.obj (.data)
                  20002de8    00000004                           : stkdepth_vars.c.obj (.data)
                  20002dec    00000004     release_pem3.oem3 (.data:ti_sysbios_family_arm_m3_Hwi_Module_State_0_excContext__A)
                  20002df0    00000004     release_pem3.oem3 (.data:ti_sysbios_family_arm_m3_Hwi_Module_State_0_excStack__A)
                  20002df4    00000004     release_pem3.oem3 (.data:ti_sysbios_knl_Task_Module_State_0_idleTask__A)
                  20002df8    00000002     release_pem3.oem3 (.data:ti_sysbios_family_arm_m3_Hwi_Module_State_0_excActive__A)

.priheap   0    20001230    00001000     UNINITIALIZED
                  20001230    00001000     --HOLE--

.stack     0    20004c00    00000400     UNINITIALIZED
                  20004c00    00000400     --HOLE--

.bootVecs 
*          0    00000000    00000008     DSECT
                  00000000    00000008     boot.aem3 : boot.oem3 (.bootVecs)

.resetVecs 
*          0    00000000    0000003c     
                  00000000    0000003c     release_pem3.oem3 (.resetVecs)

.vecs      0    20000000    000000c8     NOLOAD SECTION
                  20000000    000000c8     release_pem3.oem3 (.vecs)

xdc.meta   0    00000000    000000fd     COPY SECTION
                  00000000    000000fd     release_pem3.oem3 (xdc.meta)

xdc.noload 
*          0    00000000    00000000     COPY SECTION

.binit     0    00000000    00000000     

.text.1    0    0000003c    00000fc4     
                  0000003c    00000a42     rtsv7M3_T_le_eabi.lib : _printfi.c.obj (.text:__TI_printfi)
                  00000a7e    00000002     rf_multiMode_cc13x0.aem3 : RFCC26XX_multiMode.oem3 (.text:RF_defaultCallback)
                  00000a80    00000544     EasyLink.obj (.text:EasyLink_init)
                  00000fc4    00000008     (.tramp.ti_sysbios_knl_Semaphore_pend__E.1)
                  00000fcc    00000008     (.tramp.ti_sysbios_knl_Semaphore_post__E.1)
                  00000fd4    00000008     (.tramp.ti_sysbios_knl_Semaphore_create.1)
                  00000fdc    00000024     drivers_cc13x0.aem3 : GPTimerCC26XX.oem3 (.text:GPTimerCC26XX_enableInterrupt)

.text.2    0    00001380    00000004     
                  00001380    00000004     dpl_cc13x0.aem3 : PowerCC26XX_tirtos.oem3 (.text:CPUwfi)

.text.3    0    00001404    00000002     
                  00001404    00000002     rtsv7M3_T_le_eabi.lib : _lock.c.obj (.text:_nop)

.text.4    0    000014f0    00008104     
                  000014f0    00000374     rf_multiMode_cc13x0.aem3 : RFCC26XX_multiMode.oem3 (.text:RF_fsmActiveState)
                  00001864    0000030c     drivers_cc13x0.aem3 : PowerCC26XX_calibrateRCOSC.oem3 (.text:PowerCC26XX_auxISR)
                  00001b70    00000260     rtsv7M3_T_le_eabi.lib : _printfi.c.obj (.text:_pconv_a)
                  00001dd0    00000228     driverlib.lib : sys_ctrl.obj (.text:NOROM_SysCtrlSetRechargeBeforePowerDown)
                  00001ff8    00000224     drivers_cc13x0.aem3 : PowerCC26XX.oem3 (.text:Power_sleep)
                  0000221c    000001e8     rf_multiMode_cc13x0.aem3 : RFCC26XX_multiMode.oem3 (.text:RF_open)
                  00002404    000001e8                              : RFCC26XX_multiMode.oem3 (.text:RF_scheduleCmd)
                  000025ec    000001cc     rtsv7M3_T_le_eabi.lib : _printfi.c.obj (.text:_pconv_g)
                  000027b8    000001b8     EasyLink.obj (.text:EasyLink_transmitAsync)
                  00002970    000001b8     drivers_cc13x0.aem3 : PINCC26XX.oem3 (.text:PIN_init)
                  00002b28    000001b6     rtsv7M3_T_le_eabi.lib : fd_add_t2.asm.obj (.text)
                  00002cde    00000002     drivers_cc13x0.aem3 : PowerCC26XX.oem3 (.text:emptyClockFunc)
                  00002ce0    00000190                         : PowerCC26XX_calibrateRCOSC.oem3 (.text:PowerCC26XX_doCalibrate)
                  00002e70    00000174     rf_multiMode_cc13x0.aem3 : RFCC26XX_multiMode.oem3 (.text:RF_fsmSetupState)
                  00002fe4    00000150     smartrf_settings_predefined.obj (.text:rf_patch_mce_genook)
                  00003134    00000144     rf_multiMode_cc13x0.aem3 : RFCC26XX_multiMode.oem3 (.text:RF_radioOpDoneCb)
                  00003278    0000013c     rtsv7M3_T_le_eabi.lib : _printfi.c.obj (.text:_pconv_e)
                  000033b4    00000136                           : fd_div_t2.asm.obj (.text)
                  000034ea    00000002     smartrf_settings.obj (.text:enterGenfskSysPatch)
                  000034ec    00000128     rf_multiMode_cc13x0.aem3 : RFCC26XX_multiMode.oem3 (.text:RF_abortCmd)
                  00003614    00000128     smartrf_settings.obj (.text:rf_patch_rfe_genfsk)
                  0000373c    00000128     smartrf_settings_predefined.obj (.text:rf_patch_rfe_genfsk)
                  00003864    00000128     smartrf_settings_predefined.obj (.text:rf_patch_rfe_lrm)
                  0000398c    00000128     smartrf_settings_predefined.obj (.text:rf_patch_rfe_sl_longrange)
                  00003ab4    00000124     driverlib.lib : setup_rom.obj (.text:NOROM_SetupAfterColdResetWakeupFromShutDownCfg3)
                  00003bd8    00000124     rf_multiMode_cc13x0.aem3 : RFCC26XX_multiMode.oem3 (.text:RF_fsmChangePhyState)
                  00003cfc    00000120     rtsv7M3_T_le_eabi.lib : _printfi.c.obj (.text:fcvt)
                  00003e1c    00000114     drivers_cc13x0.aem3 : PowerCC26XX.oem3 (.text:Power_init)
                  00003f30    00000114     rtsv7M3_T_le_eabi.lib : fputs.c.obj (.text:fputs)
                  00004044    00000114     smartrf_settings_predefined.obj (.text:rf_patch_mce_hsp_4mbps)
                  00004158    00000110     rf_multiMode_cc13x0.aem3 : RFCC26XX_multiMode.oem3 (.text:RF_close)
                  00004268    00000100                              : RFCC26XX_multiMode.oem3 (.text:RF_dispatchNextCmd)
                  00004368    000000fc     rtsv7M3_T_le_eabi.lib : fd_mul_t2.asm.obj (.text)
                  00004464    000000f0     driverlib.lib : setup_rom.obj (.text:NOROM_SetupAfterColdResetWakeupFromShutDownCfg2)
                  00004554    000000f0     rf_multiMode_cc13x0.aem3 : RFCC26XX_multiMode.oem3 (.text:RF_pendCmd)
                  00004644    000000ec     EasyLink.obj (.text:EasyLink_setRfPower)
                  00004730    000000e4     dpl_cc13x0.aem3 : PowerCC26XX_tirtos.oem3 (.text:PowerCC26XX_standbyPolicy)
                  00004814    000000e0     rf_multiMode_cc13x0.aem3 : RFCC26XX_multiMode.oem3 (.text:RF_fsmPowerUpState)
                  000048f4    000000dc     drivers_cc13x0.aem3 : PINCC26XX.oem3 (.text:PINCC26XX_setIoCfg)
                  000049d0    000000dc     rtsv7M3_T_le_eabi.lib : setvbuf.c.obj (.text:setvbuf)
                  00004aac    000000dc     rfEasyLinkTx.obj (.text:timerCallback)
                  00004b88    000000d8     rf_multiMode_cc13x0.aem3 : RFCC26XX_multiMode.oem3 (.text:RF_howToSchedule)
                  00004c60    000000d8     smartrf_settings_predefined.obj (.text:rf_patch_rfe_genook)
                  00004d38    000000d8     smartrf_settings_predefined.obj (.text:rf_patch_rfe_hsp_4mbps)
                  00004e10    000000d4     driverlib.lib : rfc.obj (.text:NOROM_RFCRfTrimRead)
                  00004ee4    000000d0     rtsv7M3_T_le_eabi.lib : s_scalbn.c.obj (.text:scalbn)
                  00004fb4    000000cc     driverlib.lib : rfc.obj (.text:NOROM_RFCRTrim)
                  00005080    000000cc     rf_multiMode_cc13x0.aem3 : RFCC26XX_multiMode.oem3 (.text:RF_swiHw)
                  0000514c    000000c4                              : RFCC26XX_multiMode.oem3 (.text:RF_hwiCpe0Active)
                  00005210    000000c4     driverlib.lib : setup.obj (.text:TrimAfterColdResetWakeupFromShutDown)
                  000052d4    000000c4     smartrf_settings_predefined.obj (.text:rf_patch_mce_sl_longrange)
                  00005398    000000c0     rfEasyLinkTx.obj (.text:main)
                  00005458    000000bc     drivers_cc13x0.aem3 : GPTimerCC26XX.oem3 (.text:GPTimerCC26XX_open)
                  00005514    000000bc                         : PowerCC26XX.oem3 (.text:Power_releaseDependency)
                  000055d0    000000b4                         : PowerCC26XX.oem3 (.text:Power_setDependency)
                  00005684    000000b1     rtsv7M3_T_le_eabi.lib : _printfi.c.obj (.text:_ltostr)
                  00005735    00000001     --HOLE-- [fill = 0]
                  00005736    00000002     smartrf_settings_predefined.obj (.text:enterGenfskSysPatch)
                  00005738    000000ac     rf_multiMode_cc13x0.aem3 : RFCC26XX_multiMode.oem3 (.text:RF_schChkCmdInsert)
                  000057e4    000000ac     EasyLink.obj (.text:txDoneCallback)
                  00005890    000000a8     driverlib.lib : setup.obj (.text:NOROM_SetupTrimDevice)
                  00005938    000000a4                   : setup_rom.obj (.text:NOROM_SetupAfterColdResetWakeupFromShutDownCfg1)
                  000059dc    000000a4     rf_multiMode_cc13x0.aem3 : RFCC26XX_multiMode.oem3 (.text:RF_postCmd)
                  00005a80    000000a4                              : RFCC26XX_multiMode.oem3 (.text:RF_ratRestartChannels)
                  00005b24    000000a4     drivers_cc13x0.aem3 : PowerCC26XX.oem3 (.text:switchXOSCHFclockFunc)
                  00005bc8    000000a0     auto_init.aem3 : auto_init.oem3 (.text)
                  00005c68    0000009c     rtsv7M3_T_le_eabi.lib : memcpy_t2.asm.obj (.text)
                  00005d04    0000009c     rfEasyLinkTx.obj (.text:txDoneCb)
                  00005da0    00000098     drivers_cc13x0.aem3 : PINCC26XX.oem3 (.text:PIN_open)
                  00005e38    00000098     rf_multiMode_cc13x0.aem3 : RFCC26XX_multiMode.oem3 (.text:RF_calculateDispatchTime)
                  00005ed0    00000098     rom_sysbios.aem3 : rom_sysbios.obj (.text:ti_sysbios_knl_Clock_workFuncDynamic__E)
                  00005f68    00000096     rtsv7M3_T_le_eabi.lib : ull_div_t2.asm.obj (.text)
                  00005ffe    00000002     smartrf_settings_predefined.obj (.text:enterGenookSysPatch)
                  00006000    00000090     rf_multiMode_cc13x0.aem3 : RFCC26XX_multiMode.oem3 (.text:RF_discardPendCmd)
                  00006090    00000090     rom_sysbios.aem3 : rom_sysbios.obj (.text:ti_sysbios_family_arm_cc26xx_Timer_start__E)
                  00006120    0000008c     rtsv7M3_T_le_eabi.lib : fputc.c.obj (.text:fputc)
                  000061ac    00000086                           : fd_cmp_t2.asm.obj (.text:__aeabi_cdcmple)
                  00006232    00000086                           : fd_cmp_t2.asm.obj (.text:__aeabi_cdrcmple)
                  000062b8    00000084     CC1350STK_fxns.obj (.text:CC1350STK_sendExtFlashByte)
                  0000633c    00000084     rf_multiMode_cc13x0.aem3 : RFCC26XX_multiMode.oem3 (.text:RF_issueRadioFreeCb)
                  000063c0    00000080                              : RFCC26XX_multiMode.oem3 (.text:RF_hwiHw)
                  00006440    00000080     smartrf_settings.obj (.text:configureGenfskPatch)
                  000064c0    00000080     smartrf_settings_predefined.obj (.text:configureGenfskPatch)
                  00006540    00000080     smartrf_settings_predefined.obj (.text:configureGenookPatch)
                  000065c0    00000080     smartrf_settings_predefined.obj (.text:configureLrmPatch)
                  00006640    00000080     smartrf_settings_predefined.obj (.text:configureSlLongrangePatch)
                  000066c0    0000007c     rf_multiMode_cc13x0.aem3 : RFCC26XX_multiMode.oem3 (.text:RF_ratFreeChannel)
                  0000673c    0000007a     rtsv7M3_T_le_eabi.lib : memset_t2.asm.obj (.text)
                  000067b6    00000002     smartrf_settings_predefined.obj (.text:enterLrmSysPatch)
                  000067b8    00000078     rfEasyLinkTx.obj (.text:taskFxnTimer)
                  00006830    00000074     driverlib.lib : setup_rom.obj (.text:NOROM_SetupSetVddrLevel)
                  000068a4    00000074     rtsv7M3_T_le_eabi.lib : fclose.c.obj (.text:__TI_closefile)
                  00006918    0000006e                           : _printfi.c.obj (.text:_mcpy)
                  00006986    00000002     smartrf_settings_predefined.obj (.text:enterSlLongrangeSysPatch)
                  00006988    0000006c     drivers_cc13x0.aem3 : PowerCC26XX_calibrateRCOSC.oem3 (.text:PowerCC26XX_initiateCalibration)
                  000069f4    00000068     rtsv7M3_T_le_eabi.lib : hostlseek.c.obj (.text:HOSTlseek)
                  00006a5c    00000068                           : hostrename.c.obj (.text:HOSTrename)
                  00006ac4    00000068     driverlib.lib : setup_rom.obj (.text:NOROM_SetupGetTrimForAmpcompCtrl)
                  00006b2c    00000068                   : setup_rom.obj (.text:NOROM_SetupGetTrimForAnabypassValue1)
                  00006b94    00000068                   : sys_ctrl.obj (.text:NOROM_SysCtrlAdjustRechargeAfterPowerDown)
                  00006bfc    00000068                   : sys_ctrl.obj (.text:NOROM_SysCtrl_DCDC_VoltageConditionalControl)
                  00006c64    00000068     rtsv7M3_T_le_eabi.lib : copy_decompress_lzss.c.obj (.text:decompress:lzss:__TI_decompress_lzss)
                  00006ccc    00000068     drivers_cc13x0.aem3 : PowerCC26XX.oem3 (.text:lfClockReadyCallback)
                  00006d34    00000068     rtsv7M3_T_le_eabi.lib : printf.c.obj (.text:printf)
                  00006d9c    00000064     driverlib.lib : osc.obj (.text:NOROM_OSCHF_AttemptToSwitchToXosc)
                  00006e00    00000064     rf_multiMode_cc13x0.aem3 : RFCC26XX_multiMode.oem3 (.text:RF_checkForPreemption)
                  00006e64    00000064     drivers_cc13x0.aem3 : PowerCC26XX.oem3 (.text:configureXOSCHF)
                  00006ec8    00000064     rtsv7M3_T_le_eabi.lib : fseek.c.obj (.text:fseek)
                  00006f2c    00000062                           : _io_perm.c.obj (.text:__TI_wrt_ok)
                  00006f8e    00000002                           : div0.asm.obj (.text)
                  00006f90    00000060                           : hostopen.c.obj (.text:HOSTopen)
                  00006ff0    00000060     driverlib.lib : osc.obj (.text:NOROM_OSCClockSourceSet)
                  00007050    00000060     drivers_cc13x0.aem3 : PowerCC26XX.oem3 (.text:PowerCC26XX_calibrate)
                  000070b0    00000060     rf_multiMode_cc13x0.aem3 : RFCC26XX_multiMode.oem3 (.text:RF_dispatchNextEvent)
                  00007110    00000060                              : RFCC26XX_multiMode.oem3 (.text:RF_getCurrentTime)
                  00007170    0000005c     drivers_cc13x0.aem3 : PowerCC26XX_calibrateRCOSC.oem3 (.text:PowerCC26XX_RCOSC_clockFunc)
                  000071cc    0000005c     rf_multiMode_cc13x0.aem3 : RFCC26XX_multiMode.oem3 (.text:RF_hwiCpe0PowerFsm)
                  00007228    0000005c                              : RFCC26XX_multiMode.oem3 (.text:RF_syncCb)
                  00007284    0000005c     rtsv7M3_T_le_eabi.lib : close.c.obj (.text:close)
                  000072e0    0000005c                           : s_frexp.c.obj (.text:frexp)
                  0000733c    0000005c     rom_sysbios.aem3 : rom_sysbios.obj (.text:ti_sysbios_heaps_HeapMem_initPrimary__I)
                  00007398    0000005c     release_pem3.oem3 (.text:xdc_runtime_Startup_getState__I)
                  000073f4    00000058     drivers_cc13x0.aem3 : GPTimerCC26XX.oem3 (.text:GPTimerCC26XXHwiFxn)
                  0000744c    00000058     rtsv7M3_T_le_eabi.lib : hostread.c.obj (.text:HOSTread)
                  000074a4    00000058                           : hostwrite.c.obj (.text:HOSTwrite)
                  000074fc    00000058     drivers_cc13x0.aem3 : PINCC26XX.oem3 (.text:PIN_remove)
                  00007554    00000058     rf_multiMode_cc13x0.aem3 : RFCC26XX_multiMode.oem3 (.text:RF_TxPowerTable_findValue)
                  000075ac    00000058                              : RFCC26XX_multiMode.oem3 (.text:RF_cmdDispatchTime)
                  00007604    00000056     rtsv7M3_T_le_eabi.lib : _printfi.c.obj (.text:_pconv_f)
                  0000765a    00000054                           : ltoa.c.obj (.text:ltoa)
                  000076ae    00000052                           : _printfi.c.obj (.text:_ecpy)
                  00007700    00000050     dpl_cc13x0.aem3 : ClockP_tirtos.oem3 (.text:ClockP_construct)
                  00007750    00000050     driverlib.lib : setup_rom.obj (.text:NOROM_SetupSetCacheModeAccordingToCcfgSetting)
                  000077a0    00000050     rf_multiMode_cc13x0.aem3 : RFCC26XX_multiMode.oem3 (.text:RF_applyRfCorePatch)
                  000077f0    00000050                              : RFCC26XX_multiMode.oem3 (.text:RF_fsmXOSCState)
                  00007840    00000050                              : RFCC26XX_multiMode.oem3 (.text:RF_wakeupNotification)
                  00007890    0000004d     rfEasyLinkTx.obj (.text:init_Easylink)
                  000078dd    00000001     --HOLE-- [fill = 0]
                  000078de    00000002     rom_sysbios.aem3 : rom_sysbios.obj (.text:ti_sysbios_BIOS_linkedWithIncorrectBootLibrary__E)
                  000078e0    0000004c     CC1350STK_fxns.obj (.text:CC1350STK_wakeUpExtFlash)
                  0000792c    0000004c     drivers_cc13x0.aem3 : GPTimerCC26XX.oem3 (.text:GPTimerCC26XX_registerInterrupt)
                  00007978    0000004c                         : GPTimerCC26XX.oem3 (.text:GPTimerCC26XX_start)
                  000079c4    0000004c     rtsv7M3_T_le_eabi.lib : fflush.c.obj (.text:__TI_doflush)
                  00007a10    0000004c                           : atoi.c.obj (.text:atoi)
                  00007a5c    0000004c                           : cpy_tbl.c.obj (.text:copy_in)
                  00007aa8    0000004c     rfEasyLinkTx.obj (.text:txTask_init)
                  00007af4    00000048     rtsv7M3_T_le_eabi.lib : fd_toi_t2.asm.obj (.text)
                  00007b3c    00000044                           : hostclose.c.obj (.text:HOSTclose)
                  00007b80    00000044                           : hostunlink.c.obj (.text:HOSTunlink)
                  00007bc4    00000044     boot.aem3 : boot.oem3 (.text)
                  00007c08    00000044     rtsv7M3_T_le_eabi.lib : getdevice.c.obj (.text:getdevice)
                  00007c4c    00000040     CC1350STK_fxns.obj (.text:CC1350STK_shutDownExtFlash)
                  00007c8c    00000040     drivers_cc13x0.aem3 : PINCC26XX.oem3 (.text:PIN_swi)
                  00007ccc    00000040     rf_multiMode_cc13x0.aem3 : RFCC26XX_multiMode.oem3 (.text:RF_setTxPower)
                  00007d0c    00000040     rom_sysbios.aem3 : rom_sysbios.obj (.text:ti_sysbios_family_arm_cc26xx_Timer_setThreshold__I)
                  00007d4c    0000003e     dpl_cc13x0.aem3 : HwiP_tirtos.oem3 (.text:HwiP_construct)
                  00007d8a    0000003e     rtsv7M3_T_le_eabi.lib : _printfi.c.obj (.text:_fcpy)
                  00007dc8    0000003c     driverlib.lib : chipinfo.obj (.text:NOROM_ChipInfo_GetHwRevision)
                  00007e04    0000003c                   : osc.obj (.text:NOROM_OSC_HPOSCRelativeFrequencyOffsetGet)
                  00007e40    0000003c                   : rfc.obj (.text:NOROM_RFCSynthPowerDown)
                  00007e7c    0000003c     drivers_cc13x0.aem3 : PowerCC26XX.oem3 (.text:PowerCC26XX_isStableXOSC_HF)
                  00007eb8    0000003c     rf_multiMode_cc13x0.aem3 : RFCC26XX_multiMode.oem3 (.text:RF_cmdGet)
                  00007ef4    0000003c     dpl_cc13x0.aem3 : SwiP_tirtos.oem3 (.text:SwiP_construct)
                  00007f30    0000003c     drivers_cc13x0.aem3 : PowerCC26XX.oem3 (.text:disableLfClkQualifiersEnableClkLoss)
                  00007f6c    0000003c     rom_sysbios.aem3 : rom_sysbios.obj (.text:ti_sysbios_family_arm_m3_Hwi_construct2__E)
                  00007fa8    00000038     drivers_cc13x0.aem3 : PINCC26XX.oem3 (.text:PIN_setOutputValue)
                  00007fe0    00000038     rf_multiMode_cc13x0.aem3 : RFCC26XX_multiMode.oem3 (.text:RF_checkCmdFsError)
                  00008018    00000038                              : RFCC26XX_multiMode.oem3 (.text:RF_ieeeRequestFgCommand)
                  00008050    00000038     rtsv7M3_T_le_eabi.lib : trgmsg.c.obj (.text:__TI_writemsg)
                  00008088    00000036                           : strncpy.c.obj (.text:strncpy)
                  000080be    00000002     release_pem3.oem3 (.text:ti_sysbios_BIOS_nullFunc__I)
                  000080c0    00000034     drivers_cc13x0.aem3 : GPTimerCC26XX.oem3 (.text:GPTimerCC26XXSetLoadMatch)
                  000080f4    00000034     driverlib.lib : osc.obj (.text:NOROM_OSCHF_SwitchToRcOscTurnOffXosc)
                  00008128    00000034     drivers_cc13x0.aem3 : PINCC26XX.oem3 (.text:PIN_setConfig)
                  0000815c    00000034                         : PowerCC26XX.oem3 (.text:Power_releaseConstraint)
                  00008190    00000034     rf_multiMode_cc13x0.aem3 : RFCC26XX_multiMode.oem3 (.text:RF_powerConstraintRelease)
                  000081c4    00000034                              : RFCC26XX_multiMode.oem3 (.text:RF_runDirectImmediateCmd)
                  000081f8    00000034     rtsv7M3_T_le_eabi.lib : fopen.c.obj (.text:__TI_cleanup)
                  0000822c    00000034                           : trgmsg.c.obj (.text:__TI_readmsg)
                  00008260    00000034     drivers_cc13x0.aem3 : PowerCC26XX.oem3 (.text:notify)
                  00008294    00000034     rtsv7M3_T_le_eabi.lib : rand.c.obj (.text:rand)
                  000082c8    00000034     rom_sysbios.aem3 : rom_sysbios.obj (.text:ti_sysbios_family_arm_cc26xx_Timer_initDevice__I)
                  000082fc    00000032                      : rom_sysbios.obj (.text:ti_sysbios_family_arm_cc26xx_Timer_setNextTick__E)
                  0000832e    00000002                      : rom_sysbios.obj (.text:ti_sysbios_knl_Clock_triggerFunc__I)
                  00008330    00000030     drivers_cc13x0.aem3 : GPTimerCC26XX.oem3 (.text:GPTimerCC26XX_configureDebugStall)
                  00008360    00000030     driverlib.lib : chipinfo.obj (.text:NOROM_ChipInfo_GetChipType)
                  00008390    00000030                   : setup_rom.obj (.text:NOROM_SetupSetAonRtcSubSecInc)
                  000083c0    00000030     drivers_cc13x0.aem3 : PowerCC26XX.oem3 (.text:Power_setConstraint)
                  000083f0    00000030     rf_multiMode_cc13x0.aem3 : RFCC26XX_multiMode.oem3 (.text:RF_queueEnd)
                  00008420    00000030     rtsv7M3_T_le_eabi.lib : getdevice.c.obj (.text:finddevice)
                  00008450    00000030     release_pem3.oem3 (.text:ti_sysbios_BIOS_atExitFunc__I)
                  00008480    00000030     release_pem3.oem3 (.text:ti_sysbios_BIOS_startFunc__I)
                  000084b0    00000030     rom_sysbios.aem3 : rom_sysbios.obj (.text:ti_sysbios_family_arm_cc26xx_Timer_getCurrentTick__E)
                  000084e0    0000002e     driverlib.lib : rfc.obj (.text:NOROM_RFCOverrideSearch)
                  0000850e    0000002e     rtsv7M3_T_le_eabi.lib : i_tofd_t2.asm.obj (.text)
                  0000853c    0000002e     release_pem3.oem3 (.text:ti_sysbios_rts_gnu_MemAlloc_alloc)
                  0000856a    00000002     release_pem3.oem3 (.text:ti_sysbios_rom_cortexm_cc13xx_CC13xx_badRomRevision__E)
                  0000856c    0000002c     driverlib.lib : ddi.obj (.text:NOROM_DDI32RegWrite)
                  00008598    0000002c                   : osc.obj (.text:NOROM_OSCClockSourceGet)
                  000085c4    0000002c                   : rfc.obj (.text:NOROM_RFCCpePatchReset)
                  000085f0    0000002c                   : setup_rom.obj (.text:NOROM_SetupGetTrimForRadcExtCfg)
                  0000861c    0000002c     rf_multiMode_cc13x0.aem3 : RFCC26XX_multiMode.oem3 (.text:RF_calculateDeltaTimeUs)
                  00008648    0000002c                              : RFCC26XX_multiMode.oem3 (.text:RF_executeDirectImmediateCmd)
                  00008674    0000002c     dpl_cc13x0.aem3 : SemaphoreP_tirtos.oem3 (.text:SemaphoreP_constructBinary)
                  000086a0    0000002c     rom_sysbios.aem3 : rom_sysbios.obj (.text:_pthread_delete$44)
                  000086cc    0000002c                      : rom_sysbios.obj (.text:ti_sysbios_knl_Clock_getTicksUntilInterrupt__E)
                  000086f8    0000002c     rtsv7M3_T_le_eabi.lib : unlink.c.obj (.text:unlink)
                  00008724    0000002a     rom_sysbios.aem3 : rom_sysbios.obj (.text:ti_sysbios_knl_Clock_getTimeout__E)
                  0000874e    00000002                      : rom_sysbios.obj (.text:xdc_runtime_SysCallback_defaultAbort)
                  00008750    00000028     EasyLink.obj (.text:EasyLink_getAbsTime)
                  00008778    00000028     driverlib.lib : aon_batmon.obj (.text:NOROM_AONBatMonTemperatureGetDegC)
                  000087a0    00000028     drivers_cc13x0.aem3 : PowerCC26XX.oem3 (.text:Power_registerNotify)
                  000087c8    00000028     rf_multiMode_cc13x0.aem3 : RFCC26XX_multiMode.oem3 (.text:RF_runCmd)
                  000087f0    00000028     driverlib.lib : adi.obj (.text:SafeHapiVoid)
                  00008818    00000028     rtsv7M3_T_le_eabi.lib : lseek.c.obj (.text:lseek)
                  00008840    00000028                           : write.c.obj (.text:write)
                  00008868    00000024     drivers_cc13x0.aem3 : List.oem3 (.text:List_remove)
                  0000888c    00000024     driverlib.lib : rfc.obj (.text:NOROM_RFCDoorbellSendTo)
                  000088b0    00000024     rf_multiMode_cc13x0.aem3 : RFCC26XX_multiMode.oem3 (.text:RF_cmdAlloc)
                  000088d4    00000024                              : RFCC26XX_multiMode.oem3 (.text:RF_invokeGlobalCallback)
                  000088f8    00000024     rom_sysbios.aem3 : rom_sysbios.obj (.text:_pthread_cleanupFxn)
                  0000891c    00000024     release_pem3.oem3 (.text:ti_sysbios_BIOS_registerRTSLock__I)
                  00008940    00000024     release_pem3.oem3 (.text:ti_sysbios_BIOS_removeRTSLock__I)
                  00008964    00000024     rom_sysbios.aem3 : rom_sysbios.obj (.text:ti_sysbios_family_arm_cc26xx_Timer_getMaxTicks__E)
                  00008988    00000022     drivers_cc13x0.aem3 : List.oem3 (.text:List_get)
                  000089aa    00000022                         : List.oem3 (.text:List_insert)
                  000089cc    00000022                         : List.oem3 (.text:List_put)
[...]
1001c24d  ti_sysbios_family_arm_cc26xx_Timer_getExpiredTicks__E                     
1001c251  ti_sysbios_family_arm_cc26xx_Timer_getPeriod__E                           
1001c255  ti_sysbios_family_arm_cc26xx_Timer_setPeriod__E                           
1001c259  ti_sysbios_family_arm_m3_Hwi_delete                                       
1001c25d  ti_sysbios_family_arm_m3_Hwi_destruct                                     
1001c261  ti_sysbios_family_arm_m3_TaskSupport_Module__startupDone__S               
1001c261  ti_sysbios_knl_Task_SupportProxy_Module__startupDone__S__mangled__        
1001c265  ti_sysbios_gates_GateHwi_query__E                                         
1001c265  xdc_runtime_Main_Module_GateProxy_query__E                                
1001c265  xdc_runtime_System_Module_GateProxy_query__E                              
1001c265  xdc_runtime_System_Module_GateProxy_query__E__mangled__                   
1001c269  ti_sysbios_gates_GateMutex_delete                                         
1001c26d  ti_sysbios_gates_GateMutex_destruct                                       
1001c271  ti_sysbios_BIOS_RtsGateProxy_query__E                                     
1001c271  ti_sysbios_BIOS_RtsGateProxy_query__E__mangled__                          
1001c271  ti_sysbios_gates_GateMutex_query__E                                       
1001c271  ti_sysbios_heaps_HeapMem_Module_GateProxy_query__E                        
1001c271  ti_sysbios_heaps_HeapMem_Module_GateProxy_query__E__mangled__             
1001c275  ti_sysbios_hal_Hwi_HwiProxy_Module__startupDone__S                        
1001c279  ti_sysbios_hal_Hwi_HwiProxy_delete                                        
1001c27d  ti_sysbios_hal_Hwi_HwiProxy_disableInterrupt__E                           
1001c27d  ti_sysbios_hal_Hwi_disableInterrupt__E                                    
1001c27d  ti_sysbios_hal_Hwi_disableInterrupt__E                                    
1001c281  ti_sysbios_hal_Hwi_HwiProxy_enableInterrupt__E                            
1001c281  ti_sysbios_hal_Hwi_enableInterrupt__E                                     
1001c281  ti_sysbios_hal_Hwi_enableInterrupt__E                                     
1001c285  ti_sysbios_hal_Hwi_HwiProxy_getStackInfo__E                               
1001c285  ti_sysbios_hal_Hwi_getStackInfo__E                                        
1001c285  ti_sysbios_hal_Hwi_getStackInfo__E                                        
1001c289  ti_sysbios_hal_Hwi_HwiProxy_startup__E                                    
1001c289  ti_sysbios_hal_Hwi_startup__E                                             
1001c289  ti_sysbios_hal_Hwi_startup__E                                             
1001c28d  ti_sysbios_hal_Hwi_HwiProxy_switchFromBootStack__E                        
1001c291  ti_sysbios_hal_Hwi_delete                                                 
1001c295  ti_sysbios_hal_Hwi_switchFromBootStack__E                                 
1001c295  ti_sysbios_hal_Hwi_switchFromBootStack__E                                 
1001c299  ti_sysbios_heaps_HeapMem_Module_GateProxy_enter__E                        
1001c29d  ti_sysbios_heaps_HeapMem_Module_GateProxy_leave__E                        
1001c2a1  ti_sysbios_heaps_HeapMem_isBlocking__E                                    
1001c2a5  ti_sysbios_knl_Clock_TimerProxy_Module__startupDone__S                    
1001c2a9  ti_sysbios_knl_Clock_TimerProxy_getExpiredTicks__E                        
1001c2ad  ti_sysbios_knl_Clock_TimerProxy_getPeriod__E                              
1001c2b1  ti_sysbios_knl_Clock_delete                                               
1001c2b5  ti_sysbios_knl_Clock_destruct                                             
1001c2b9  ti_sysbios_knl_Clock_removeI__E                                           
1001c2bd  ti_sysbios_knl_Clock_setTimeout__E                                        
1001c2c1  ti_sysbios_knl_Mailbox_delete                                             
1001c2c5  ti_sysbios_knl_Mailbox_destruct                                           
1001c2c9  ti_sysbios_knl_Queue_delete                                               
1001c2cd  ti_sysbios_knl_Queue_destruct                                             
1001c2d1  ti_sysbios_knl_Queue_head__E                                              
1001c2d5  ti_sysbios_knl_Queue_next__E                                              
1001c2d9  ti_sysbios_knl_Semaphore_delete                                           
1001c2dd  ti_sysbios_knl_Semaphore_destruct                                         
1001c2e1  ti_sysbios_knl_Swi_delete                                                 
1001c2e5  ti_sysbios_knl_Swi_destruct                                               
1001c2e9  ti_sysbios_knl_Swi_postInit__I                                            
1001c2ed  ti_sysbios_knl_Task_SupportProxy_Module__startupDone__S                   
1001c2f1  ti_sysbios_knl_Task_SupportProxy_getStackAlignment__E                     
1001c2f5  ti_sysbios_knl_Task_SupportProxy_start__E                                 
1001c2f9  ti_sysbios_knl_Task_SupportProxy_swap__E                                  
1001c2fd  ti_sysbios_knl_Task_delete                                                
1001c301  ti_sysbios_knl_Task_destruct                                              
1001c305  ti_sysbios_knl_Task_startup__E                                            
1001c309  xdc_runtime_Startup_startMods__I                                          
1001c401  xdc_runtime_Core_createObject__I                                          
1001c483  xdc_runtime_Error_policySpin__E                                           
1001c485  xdc_runtime_Memory_alloc__E                                               
1001c4f5  xdc_runtime_Core_deleteObject__I                                          
1001c555  xdc_runtime_Startup_exec__E                                               
1001c5a5  xdc_runtime_Assert_raise__I                                               
1001c5ed  xdc_runtime_Core_assignParams__I                                          
1001c635  xdc_runtime_Core_constructObject__I                                       
1001c67d  xdc_runtime_System_atexit__E                                              
1001c6b5  xdc_runtime_System_processAtExit__E                                       
1001c6e9  xdc_runtime_Core_assignLabel__I                                           
1001c719  xdc_runtime_Text_cordText__E                                              
1001c745  xdc_runtime_System_abort__E                                               
1001c765  xdc_runtime_Error_raiseX__E                                               
1001c781  xdc_runtime_Memory_valloc__E                                              
1001c79d  xdc_runtime_Core_destructObject__I                                        
1001c7b5  xdc_runtime_Error_check__E                                                
1001c7cd  xdc_runtime_System_exit__E                                                
1001c7e5  xdc_runtime_Text_ropeText__E                                              
1001c7fd  xdc_runtime_Memory_free__E                                                
1001c80d  xdc_runtime_SysCallback_abort__E                                          
1001c80d  xdc_runtime_System_SupportProxy_abort__E                                  
1001c81d  xdc_runtime_SysCallback_exit__E                                           
1001c81d  xdc_runtime_System_SupportProxy_exit__E                                   
1001c82d  xdc_runtime_Timestamp_SupportProxy_get32__E                               
1001c82d  xdc_runtime_Timestamp_get32__E                                            
1001c82d  xdc_runtime_Timestamp_get32__E                                            
1001c849  xdc_runtime_Memory_calloc__E                                              
1001c855  xdc_runtime_Memory_getMaxDefaultTypeAlign__E                              
1001c875  xdc_runtime_Gate_leaveSystem__E                                           
1001c87b  xdc_runtime_System_Module_startup__E                                      
1001c881  xdc_runtime_Gate_enterSystem__E                                           
1001c885  xdc_runtime_Memory_HeapProxy_alloc__E                                     
1001c889  xdc_runtime_Memory_HeapProxy_free__E                                      
1001c88d  xdc_runtime_System_Module_GateProxy_enter__E                              
1001c891  xdc_runtime_System_Module_GateProxy_leave__E                              
1001c895  xdc_runtime_System_abortSpin__E                                           
1001c897  xdc_runtime_System_exitSpin__E                                            
1001c899  ti_sysbios_family_arm_m3_Hwi_dispatch__I                                  
1001c969  ti_sysbios_family_arm_m3_TaskSupport_buildTaskStack                       
1001c9b5  ti_sysbios_family_arm_m3_Hwi_initStacks__E                                
1001c9fd  ti_sysbios_family_arm_m3_Hwi_excHandlerAsm__I                             
1001ca1d  ti_sysbios_family_xxx_Hwi_switchAndRunFunc                                
1001ca3b  ti_sysbios_family_arm_m3_Hwi_pendSV__I                                    
1001ca53  ti_sysbios_family_arm_m3_Hwi_return                                       
1001ca55  ti_sysbios_family_arm_m3_TaskSupport_glue                                 
1001ca65  ti_sysbios_family_arm_m3_TaskSupport_swap__E                              
1001ca65  ti_sysbios_knl_Task_SupportProxy_swap__E__mangled__                       
1001ca6d  ti_sysbios_knl_Task_swapReturn                                            
1001ca97  ti_sysbios_rom_cortexm_cc13xx_CC13xx_getRevision__E                       
20000000  ti_sysbios_family_arm_m3_Hwi_ramVectors                                   
20000100  ti_sysbios_knl_Task_Module__state__V                                      
20000144  ti_sysbios_family_arm_m3_Hwi_Module__state__V                             
20000178  ti_sysbios_knl_Clock_Module__state__V                                     
200001a4  ti_sysbios_BIOS_Module__state__V                                          
200001c8  ti_sysbios_knl_Swi_Module__state__V                                       
200001e4  ti_sysbios_family_arm_cc26xx_Timer_Module__state__V                       
200001ec  ti_sysbios_family_arm_cc26xx_TimestampProvider_Module__state__V           
200001f0  xdc_runtime_Startup_Module__state__V                                      
200001f8  xdc_runtime_System_Module__state__V                                       
20000200  xdc_runtime_Memory_Module__state__V                                       
20000988  ti_sysbios_knl_Task_Instance_State_0_stack__A                             
20000b88  __CIOBUF_                                                                 
20000ca8  gptimerCC26XXObjects                                                      
20000e90  ti_sysbios_family_arm_m3_Hwi_dispatchTable                                
20000f58  __TI_tmpnams                                                              
20001208  PowerCC26XX_taskKey                                                       
2000120c  PowerCC26XX_swiKey                                                        
20001220  parmbuf                                                                   
20001228  ClockP_tickPeriod                                                         
2000122d  driverlib_release_0_51995                                                 
20001230  __primary_heap_start__                                                    
20002230  __primary_heap_end__                                                      
20002230  pinUpperBound                                                             
20002234  pinLowerBound                                                             
200022c8  pinHandleTable                                                            
20002344  PowerCC26XX_module                                                        
20002458  _ftable                                                                   
200025d0  _device                                                                   
20002648  pOverrides_sl_lr                                                          
200026b4  pOverrides_hsm                                                            
20002718  pOverrides_lrm                                                            
20002778  pOverrides_ook                                                            
20002834  pOverrides_fsk                                                            
20002890  ti_sysbios_gates_GateMutex_Object__table__V                               
200028e4  _stream                                                                   
20002934  ti_sysbios_knl_Task_Object__table__V                                      
20002980  ti_sysbios_family_arm_cc26xx_Timer_Object__table__V                       
200029c8  RF_pProp_fsk                                                              
200029cc  RF_pProp_lrm                                                              
200029d0  RF_pProp_ook                                                              
200029d4  RF_pProp_hsm                                                              
200029d8  RF_pProp_sl_lr                                                            
200029dc  RF_pProp_2_4G_fsk                                                         
200029e0  RF_pCmdPropRadioDivSetup_fsk                                              
200029e4  RF_pCmdPropRadioDivSetup_lrm                                              
200029e8  RF_pCmdPropRadioDivSetup_ook                                              
200029ec  RF_pCmdRadioSetup_hsm                                                     
200029f0  RF_pCmdPropRadioDivSetup_sl_lr                                            
200029f4  RF_pCmdPropRadioSetup_2_4G_fsk                                            
200029f8  RF_pCmdTxHS                                                               
200029fc  RF_pCmdRxHS                                                               
20002a00  RF_pCmdFs_preDef                                                          
20002a04  RF_pCmdPropTx_preDef                                                      
20002a08  RF_pCmdPropRxAdv_preDef                                                   
20002a0c  RF_cmdPropRxAdv_preDef                                                    
20002a3c  ti_sysbios_knl_Swi_Module_State_0_readyQ__A                               
20002a6c  ti_sysbios_knl_Swi_Object__table__V                                       
20002a9c  ti_sysbios_knl_Task_Module_State_0_readyQ__A                              
20002acc  RF_cmdPropRadioDivSetup                                                   
20002af4  RF_cmdPropRadioDivSetup_fsk                                               
20002b1c  RF_cmdPropRadioDivSetup_lrm                                               
20002b44  RF_cmdPropRadioDivSetup_ook                                               
20002b6c  RF_cmdPropRadioDivSetup_sl_lr                                             
20002b94  RF_cmdRxHS                                                                
20002bb8  ti_sysbios_knl_Clock_Object__table__V                                     
20002bd8  xdc_runtime_Error_IgnoreBlock                                             
20002bf8  RF_cmdFs                                                                  
20002c10  RF_cmdFs_preDef                                                           
20002c28  RF_cmdPropTx                                                              
20002c40  RF_cmdPropTx_preDef                                                       
20002c58  RF_cmdRadioSetup_hsm                                                      
20002c88  shapeovr                                                                  
20002ca0  ti_sysbios_family_arm_m3_Hwi_Object__table__V                             
20002cb8  ti_sysbios_heaps_HeapMem_Object__table__V                                 
20002cd0  RF_cmdTxHS                                                                
20002ce4  RF_prop                                                                   
20002cf4  RF_prop_fsk                                                               
20002d04  RF_prop_hsm                                                               
20002d14  RF_prop_lrm                                                               
20002d24  RF_prop_ook                                                               
20002d34  RF_prop_sl_lr                                                             
20002d44  __TI_ft_end                                                               
20002d48  __aeabi_stdin                                                             
20002d4c  __aeabi_stdout                                                            
20002d50  __aeabi_stderr                                                            
20002d64  __TI_cleanup_ptr                                                          
20002d68  __TI_dtors_ptr                                                            
20002d6c  __TI_enable_exit_profile_output                                           
20002d70  pinTable                                                                  
20002d7c  _lock                                                                     
20002d80  _unlock                                                                   
20002d84  ti_sysbios_family_arm_m3_Hwi_Module__root__V                              
20002d8c  ti_sysbios_gates_GateHwi_Module__root__V                                  
20002d94  ti_sysbios_gates_GateMutex_Module__root__V                                
20002d9c  ti_sysbios_hal_Hwi_Module__root__V                                        
20002da4  ti_sysbios_heaps_HeapMem_Module__root__V                                  
20002dac  ti_sysbios_knl_Clock_Module__root__V                                      
20002db4  ti_sysbios_knl_Mailbox_Module__root__V                                    
20002dbc  ti_sysbios_knl_Queue_Module__root__V                                      
20002dc4  ti_sysbios_knl_Semaphore_Module__root__V                                  
20002dcc  ti_sysbios_knl_Swi_Module__root__V                                        
20002dd4  ti_sysbios_knl_Task_Module__root__V                                       
20002ddc  xdc_runtime_System_Module_State_0_atexitHandlers__A                       
20002de8  main_func_sp                                                              
20002dec  ti_sysbios_family_arm_m3_Hwi_Module_State_0_excContext__A                 
20002df0  ti_sysbios_family_arm_m3_Hwi_Module_State_0_excStack__A                   
20002df4  ti_sysbios_knl_Task_Module_State_0_idleTask__A                            
20002df8  ti_sysbios_family_arm_m3_Hwi_Module_State_0_excActive__A                  
20004c00  __stack                                                                   
20005000  __STACK_END                                                               
e000e000  ti_sysbios_family_arm_m3_Hwi_nvic                                         
ffffffff  __TI_pprof_out_hndl                                                       
ffffffff  __TI_prof_data_size                                                       
ffffffff  __TI_prof_data_start                                                      
ffffffff  __binit__                                                                 
ffffffff  __c_args__                                                                
ffffffff  binit                                                                     
UNDEFED   SHT$$INIT_ARRAY$$Base                                                     
UNDEFED   SHT$$INIT_ARRAY$$Limit                                                    

[906 symbols]
